Component: ARM Compiler 5.05 update 1 (build 106) Tool: armlink [4d0efa]

==============================================================================

Section Cross References

    main.o(i.main) refers to delay.o(i.delay_init) for delay_init
    main.o(i.main) refers to led.o(i.LED_Init) for LED_Init
    main.o(i.main) refers to timer.o(i.TIM3_Int_Init) for TIM3_Int_Init
    main.o(i.main) refers to lwip_user.o(i.lwip_config_init) for lwip_config_init
    main.o(i.main) refers to lwip_user.o(i.lwip_periodic_handle) for lwip_periodic_handle
    main.o(i.main) refers to led.o(i.Led_Fun) for Led_Fun
    main.o(i.main) refers to main.o(.data) for temp
    main.o(i.main) refers to led.o(.data) for Led
    system_stm32f10x.o(i.SetSysClock) refers to system_stm32f10x.o(i.SetSysClockTo72) for SetSysClockTo72
    system_stm32f10x.o(i.SystemCoreClockUpdate) refers to system_stm32f10x.o(.data) for SystemCoreClock
    system_stm32f10x.o(i.SystemInit) refers to system_stm32f10x.o(i.SetSysClock) for SetSysClock
    stm32f10x_adc.o(i.ADC_DeInit) refers to stm32f10x_rcc.o(i.RCC_APB2PeriphResetCmd) for RCC_APB2PeriphResetCmd
    stm32f10x_bkp.o(i.BKP_DeInit) refers to stm32f10x_rcc.o(i.RCC_BackupResetCmd) for RCC_BackupResetCmd
    stm32f10x_can.o(i.CAN_DeInit) refers to stm32f10x_rcc.o(i.RCC_APB1PeriphResetCmd) for RCC_APB1PeriphResetCmd
    stm32f10x_can.o(i.CAN_GetITStatus) refers to stm32f10x_can.o(i.CheckITStatus) for CheckITStatus
    stm32f10x_cec.o(i.CEC_DeInit) refers to stm32f10x_rcc.o(i.RCC_APB1PeriphResetCmd) for RCC_APB1PeriphResetCmd
    stm32f10x_dac.o(i.DAC_DeInit) refers to stm32f10x_rcc.o(i.RCC_APB1PeriphResetCmd) for RCC_APB1PeriphResetCmd
    stm32f10x_flash.o(i.FLASH_EnableWriteProtection) refers to stm32f10x_flash.o(i.FLASH_WaitForLastOperation) for FLASH_WaitForLastOperation
    stm32f10x_flash.o(i.FLASH_EraseAllBank1Pages) refers to stm32f10x_flash.o(i.FLASH_WaitForLastBank1Operation) for FLASH_WaitForLastBank1Operation
    stm32f10x_flash.o(i.FLASH_EraseAllPages) refers to stm32f10x_flash.o(i.FLASH_WaitForLastOperation) for FLASH_WaitForLastOperation
    stm32f10x_flash.o(i.FLASH_EraseOptionBytes) refers to stm32f10x_flash.o(i.FLASH_GetReadOutProtectionStatus) for FLASH_GetReadOutProtectionStatus
    stm32f10x_flash.o(i.FLASH_EraseOptionBytes) refers to stm32f10x_flash.o(i.FLASH_WaitForLastOperation) for FLASH_WaitForLastOperation
    stm32f10x_flash.o(i.FLASH_ErasePage) refers to stm32f10x_flash.o(i.FLASH_WaitForLastOperation) for FLASH_WaitForLastOperation
    stm32f10x_flash.o(i.FLASH_ProgramHalfWord) refers to stm32f10x_flash.o(i.FLASH_WaitForLastOperation) for FLASH_WaitForLastOperation
    stm32f10x_flash.o(i.FLASH_ProgramOptionByteData) refers to stm32f10x_flash.o(i.FLASH_WaitForLastOperation) for FLASH_WaitForLastOperation
    stm32f10x_flash.o(i.FLASH_ProgramWord) refers to stm32f10x_flash.o(i.FLASH_WaitForLastOperation) for FLASH_WaitForLastOperation
    stm32f10x_flash.o(i.FLASH_ReadOutProtection) refers to stm32f10x_flash.o(i.FLASH_WaitForLastOperation) for FLASH_WaitForLastOperation
    stm32f10x_flash.o(i.FLASH_UserOptionByteConfig) refers to stm32f10x_flash.o(i.FLASH_WaitForLastOperation) for FLASH_WaitForLastOperation
    stm32f10x_flash.o(i.FLASH_WaitForLastBank1Operation) refers to stm32f10x_flash.o(i.FLASH_GetBank1Status) for FLASH_GetBank1Status
    stm32f10x_flash.o(i.FLASH_WaitForLastOperation) refers to stm32f10x_flash.o(i.FLASH_GetBank1Status) for FLASH_GetBank1Status
    stm32f10x_gpio.o(i.GPIO_AFIODeInit) refers to stm32f10x_rcc.o(i.RCC_APB2PeriphResetCmd) for RCC_APB2PeriphResetCmd
    stm32f10x_gpio.o(i.GPIO_DeInit) refers to stm32f10x_rcc.o(i.RCC_APB2PeriphResetCmd) for RCC_APB2PeriphResetCmd
    stm32f10x_i2c.o(i.I2C_DeInit) refers to stm32f10x_rcc.o(i.RCC_APB1PeriphResetCmd) for RCC_APB1PeriphResetCmd
    stm32f10x_i2c.o(i.I2C_Init) refers to stm32f10x_rcc.o(i.RCC_GetClocksFreq) for RCC_GetClocksFreq
    stm32f10x_pwr.o(i.PWR_DeInit) refers to stm32f10x_rcc.o(i.RCC_APB1PeriphResetCmd) for RCC_APB1PeriphResetCmd
    stm32f10x_rcc.o(i.RCC_GetClocksFreq) refers to stm32f10x_rcc.o(.data) for APBAHBPrescTable
    stm32f10x_rcc.o(i.RCC_WaitForHSEStartUp) refers to stm32f10x_rcc.o(i.RCC_GetFlagStatus) for RCC_GetFlagStatus
    stm32f10x_rtc.o(i.RTC_SetAlarm) refers to stm32f10x_rtc.o(i.RTC_EnterConfigMode) for RTC_EnterConfigMode
    stm32f10x_rtc.o(i.RTC_SetAlarm) refers to stm32f10x_rtc.o(i.RTC_ExitConfigMode) for RTC_ExitConfigMode
    stm32f10x_rtc.o(i.RTC_SetCounter) refers to stm32f10x_rtc.o(i.RTC_EnterConfigMode) for RTC_EnterConfigMode
    stm32f10x_rtc.o(i.RTC_SetCounter) refers to stm32f10x_rtc.o(i.RTC_ExitConfigMode) for RTC_ExitConfigMode
    stm32f10x_rtc.o(i.RTC_SetPrescaler) refers to stm32f10x_rtc.o(i.RTC_EnterConfigMode) for RTC_EnterConfigMode
    stm32f10x_rtc.o(i.RTC_SetPrescaler) refers to stm32f10x_rtc.o(i.RTC_ExitConfigMode) for RTC_ExitConfigMode
    stm32f10x_spi.o(i.I2S_Init) refers to stm32f10x_rcc.o(i.RCC_GetClocksFreq) for RCC_GetClocksFreq
[...]
    ..\lwip\src\core\pbuf.c                  0x00000000   Number         0  pbuf.o ABSOLUTE
    ..\lwip\src\core\raw.c                   0x00000000   Number         0  raw.o ABSOLUTE
    ..\lwip\src\core\stats.c                 0x00000000   Number         0  stats.o ABSOLUTE
    ..\lwip\src\core\sys.c                   0x00000000   Number         0  sys.o ABSOLUTE
    ..\lwip\src\core\tcp.c                   0x00000000   Number         0  tcp.o ABSOLUTE
    ..\lwip\src\core\tcp_in.c                0x00000000   Number         0  tcp_in.o ABSOLUTE
    ..\lwip\src\core\tcp_out.c               0x00000000   Number         0  tcp_out.o ABSOLUTE
    ..\lwip\src\core\timers.c                0x00000000   Number         0  timers.o ABSOLUTE
    ..\lwip\src\core\udp.c                   0x00000000   Number         0  udp.o ABSOLUTE
    ..\lwip\src\netif\etharp.c               0x00000000   Number         0  etharp.o ABSOLUTE
    ..\lwip\src\netif\ethernetif.c           0x00000000   Number         0  ethernetif.o ABSOLUTE
    dc.s                                     0x00000000   Number         0  dc.o ABSOLUTE
    handlers.s                               0x00000000   Number         0  handlers.o ABSOLUTE
    init.s                                   0x00000000   Number         0  init.o ABSOLUTE
    RESET                                    0x08000000   Section      304  startup_stm32f10x_hd.o(RESET)
    .ARM.Collect$$$$00000000                 0x08000130   Section        0  entry.o(.ARM.Collect$$$$00000000)
    .ARM.Collect$$$$00000001                 0x08000130   Section        4  entry2.o(.ARM.Collect$$$$00000001)
    .ARM.Collect$$$$00000004                 0x08000134   Section        4  entry5.o(.ARM.Collect$$$$00000004)
    .ARM.Collect$$$$00000008                 0x08000138   Section        0  entry7b.o(.ARM.Collect$$$$00000008)
    .ARM.Collect$$$$0000000A                 0x08000138   Section        0  entry8b.o(.ARM.Collect$$$$0000000A)
    .ARM.Collect$$$$0000000B                 0x08000138   Section        8  entry9a.o(.ARM.Collect$$$$0000000B)
    .ARM.Collect$$$$0000000D                 0x08000140   Section        0  entry10a.o(.ARM.Collect$$$$0000000D)
    .ARM.Collect$$$$0000000F                 0x08000140   Section        0  entry11a.o(.ARM.Collect$$$$0000000F)
    .ARM.Collect$$$$00002712                 0x08000140   Section        4  entry2.o(.ARM.Collect$$$$00002712)
    __lit__00000000                          0x08000140   Data           4  entry2.o(.ARM.Collect$$$$00002712)
    .text                                    0x08000144   Section       36  startup_stm32f10x_hd.o(.text)
    .text                                    0x08000168   Section        0  memcpya.o(.text)
    .text                                    0x0800018c   Section        0  memseta.o(.text)
    .text                                    0x080001b0   Section        0  memcmp.o(.text)
    .text                                    0x080001cc   Section       36  init.o(.text)
    i.BusFault_Handler                       0x080001f0   Section        0  stm32f10x_it.o(i.BusFault_Handler)
    i.DebugMon_Handler                       0x080001f4   Section        0  stm32f10x_it.o(i.DebugMon_Handler)
    i.ENC28J60_Init                          0x080001f8   Section        0  enc28j60.o(i.ENC28J60_Init)
    i.ENC28J60_PHY_Write                     0x0800036c   Section        0  enc28j60.o(i.ENC28J60_PHY_Write)
    i.ENC28J60_Packet_Receive                0x080003ac   Section        0  enc28j60.o(i.ENC28J60_Packet_Receive)
    i.ENC28J60_Packet_Send                   0x0800046c   Section        0  enc28j60.o(i.ENC28J60_Packet_Send)
    i.ENC28J60_Read                          0x080004d2   Section        0  enc28j60.o(i.ENC28J60_Read)
    i.ENC28J60_Read_Buf                      0x080004e8   Section        0  enc28j60.o(i.ENC28J60_Read_Buf)
    i.ENC28J60_Read_Op                       0x08000524   Section        0  enc28j60.o(i.ENC28J60_Read_Op)
    i.ENC28J60_Reset                         0x0800056c   Section        0  enc28j60.o(i.ENC28J60_Reset)
    i.ENC28J60_SPI2_Init                     0x0800059c   Section        0  enc28j60.o(i.ENC28J60_SPI2_Init)
    ENC28J60_SPI2_Init                       0x0800059d   Thumb Code   226  enc28j60.o(i.ENC28J60_SPI2_Init)
    i.ENC28J60_Set_Bank                      0x08000690   Section        0  enc28j60.o(i.ENC28J60_Set_Bank)
    i.ENC28J60_Write                         0x080006c4   Section        0  enc28j60.o(i.ENC28J60_Write)
    i.ENC28J60_Write_Buf                     0x080006dc   Section        0  enc28j60.o(i.ENC28J60_Write_Buf)
    i.ENC28J60_Write_Op                      0x08000714   Section        0  enc28j60.o(i.ENC28J60_Write_Op)
    i.GPIO_Init                              0x08000750   Section        0  stm32f10x_gpio.o(i.GPIO_Init)
    i.GPIO_ResetBits                         0x08000866   Section        0  stm32f10x_gpio.o(i.GPIO_ResetBits)
    i.GPIO_SetBits                           0x0800086a   Section        0  stm32f10x_gpio.o(i.GPIO_SetBits)
    i.HardFault_Handler                      0x0800086e   Section        0  stm32f10x_it.o(i.HardFault_Handler)
    i.LED_Init                               0x08000874   Section        0  led.o(i.LED_Init)
    i.Led_Fun                                0x080008c0   Section        0  led.o(i.Led_Fun)
    i.MemManage_Handler                      0x08000904   Section        0  stm32f10x_it.o(i.MemManage_Handler)
    i.NMI_Handler                            0x08000908   Section        0  stm32f10x_it.o(i.NMI_Handler)
    i.NVIC_Init                              0x0800090c   Section        0  misc.o(i.NVIC_Init)
    i.PendSV_Handler                         0x0800097c   Section        0  stm32f10x_it.o(i.PendSV_Handler)
    i.RCC_APB1PeriphClockCmd                 0x08000980   Section        0  stm32f10x_rcc.o(i.RCC_APB1PeriphClockCmd)
    i.RCC_APB2PeriphClockCmd                 0x080009a0   Section        0  stm32f10x_rcc.o(i.RCC_APB2PeriphClockCmd)
    i.SPI2_ReadWriteByte                     0x080009c0   Section        0  spi.o(i.SPI2_ReadWriteByte)
    i.SPI2_SetSpeed                          0x08000a14   Section        0  spi.o(i.SPI2_SetSpeed)
    i.SPI_Cmd                                0x08000a3c   Section        0  stm32f10x_spi.o(i.SPI_Cmd)
    i.SPI_I2S_GetFlagStatus                  0x08000a54   Section        0  stm32f10x_spi.o(i.SPI_I2S_GetFlagStatus)
    i.SPI_I2S_ReceiveData                    0x08000a66   Section        0  stm32f10x_spi.o(i.SPI_I2S_ReceiveData)
    i.SPI_I2S_SendData                       0x08000a6c   Section        0  stm32f10x_spi.o(i.SPI_I2S_SendData)
    i.SPI_Init                               0x08000a70   Section        0  stm32f10x_spi.o(i.SPI_Init)
    i.SVC_Handler                            0x08000aac   Section        0  stm32f10x_it.o(i.SVC_Handler)
    i.SetSysClock                            0x08000aae   Section        0  system_stm32f10x.o(i.SetSysClock)
    SetSysClock                              0x08000aaf   Thumb Code     8  system_stm32f10x.o(i.SetSysClock)
    i.SetSysClockTo72                        0x08000ab8   Section        0  system_stm32f10x.o(i.SetSysClockTo72)
    SetSysClockTo72                          0x08000ab9   Thumb Code   214  system_stm32f10x.o(i.SetSysClockTo72)
    i.SysTick_CLKSourceConfig                0x08000b98   Section        0  misc.o(i.SysTick_CLKSourceConfig)
    i.SysTick_Handler                        0x08000bc0   Section        0  stm32f10x_it.o(i.SysTick_Handler)
    i.SystemInit                             0x08000bc4   Section        0  system_stm32f10x.o(i.SystemInit)
    i.TIM3_IRQHandler                        0x08000c24   Section        0  timer.o(i.TIM3_IRQHandler)
    i.TIM3_Int_Init                          0x08000c50   Section        0  timer.o(i.TIM3_Int_Init)
    i.TIM_ClearITPendingBit                  0x08000cb0   Section        0  stm32f10x_tim.o(i.TIM_ClearITPendingBit)
    i.TIM_Cmd                                0x08000cb6   Section        0  stm32f10x_tim.o(i.TIM_Cmd)
    i.TIM_GetITStatus                        0x08000cce   Section        0  stm32f10x_tim.o(i.TIM_GetITStatus)
    i.TIM_ITConfig                           0x08000cf0   Section        0  stm32f10x_tim.o(i.TIM_ITConfig)
    i.TIM_TimeBaseInit                       0x08000d04   Section        0  stm32f10x_tim.o(i.TIM_TimeBaseInit)
    i.UsageFault_Handler                     0x08000da8   Section        0  stm32f10x_it.o(i.UsageFault_Handler)
    i.__scatterload_copy                     0x08000dac   Section       14  handlers.o(i.__scatterload_copy)
    i.__scatterload_null                     0x08000dba   Section        2  handlers.o(i.__scatterload_null)
    i.__scatterload_zeroinit                 0x08000dbc   Section       14  handlers.o(i.__scatterload_zeroinit)
    i.arp_timer                              0x08000dcc   Section        0  timers.o(i.arp_timer)
    arp_timer                                0x08000dcd   Thumb Code    22  timers.o(i.arp_timer)
    i.delay_init                             0x08000de8   Section        0  delay.o(i.delay_init)
    i.delay_ms                               0x08000e2c   Section        0  delay.o(i.delay_ms)
    i.dns_check_entries                      0x08000e78   Section        0  dns.o(i.dns_check_entries)
    dns_check_entries                        0x08000e79   Thumb Code    22  dns.o(i.dns_check_entries)
    i.dns_check_entry                        0x08000e90   Section        0  dns.o(i.dns_check_entry)
    dns_check_entry                          0x08000e91   Thumb Code   226  dns.o(i.dns_check_entry)
    i.dns_compare_name                       0x08000f7c   Section        0  dns.o(i.dns_compare_name)
    dns_compare_name                         0x08000f7d   Thumb Code    60  dns.o(i.dns_compare_name)
    i.dns_init                               0x08000fb8   Section        0  dns.o(i.dns_init)
    i.dns_parse_name                         0x0800102c   Section        0  dns.o(i.dns_parse_name)
    dns_parse_name                           0x0800102d   Thumb Code    42  dns.o(i.dns_parse_name)
    i.dns_recv                               0x08001058   Section        0  dns.o(i.dns_recv)
    dns_recv                                 0x08001059   Thumb Code   348  dns.o(i.dns_recv)
    i.dns_send                               0x080011c0   Section        0  dns.o(i.dns_send)
    dns_send                                 0x080011c1   Thumb Code   218  dns.o(i.dns_send)
    i.dns_setserver                          0x080012a4   Section        0  dns.o(i.dns_setserver)
    i.dns_timer                              0x080012c8   Section        0  timers.o(i.dns_timer)
    dns_timer                                0x080012c9   Thumb Code    22  timers.o(i.dns_timer)
    i.dns_tmr                                0x080012e4   Section        0  dns.o(i.dns_tmr)
    i.etharp_arp_input                       0x080012f8   Section        0  etharp.o(i.etharp_arp_input)
    etharp_arp_input                         0x080012f9   Thumb Code   328  etharp.o(i.etharp_arp_input)
    i.etharp_find_entry                      0x08001444   Section        0  etharp.o(i.etharp_find_entry)
    etharp_find_entry                        0x08001445   Thumb Code   352  etharp.o(i.etharp_find_entry)
    i.etharp_free_entry                      0x080015a8   Section        0  etharp.o(i.etharp_free_entry)
    etharp_free_entry                        0x080015a9   Thumb Code    58  etharp.o(i.etharp_free_entry)
    i.etharp_output                          0x080015e8   Section        0  etharp.o(i.etharp_output)
    i.etharp_output_to_arp_index             0x08001748   Section        0  etharp.o(i.etharp_output_to_arp_index)
    etharp_output_to_arp_index               0x08001749   Thumb Code   104  etharp.o(i.etharp_output_to_arp_index)
    i.etharp_query                           0x080017b4   Section        0  etharp.o(i.etharp_query)
    i.etharp_raw                             0x0800192c   Section        0  etharp.o(i.etharp_raw)
    etharp_raw                               0x0800192d   Thumb Code   200  etharp.o(i.etharp_raw)
    i.etharp_request                         0x080019f8   Section        0  etharp.o(i.etharp_request)
    i.etharp_send_ip                         0x08001a24   Section        0  etharp.o(i.etharp_send_ip)
    etharp_send_ip                           0x08001a25   Thumb Code    56  etharp.o(i.etharp_send_ip)
    i.etharp_tmr                             0x08001a5c   Section        0  etharp.o(i.etharp_tmr)
    i.etharp_update_arp_entry                0x08001aec   Section        0  etharp.o(i.etharp_update_arp_entry)
    etharp_update_arp_entry                  0x08001aed   Thumb Code   202  etharp.o(i.etharp_update_arp_entry)
    i.ethernet_input                         0x08001bbc   Section        0  etharp.o(i.ethernet_input)
    i.ethernetif_init                        0x08001ca4   Section        0  ethernetif.o(i.ethernetif_init)
    i.ethernetif_input                       0x08001cec   Section        0  ethernetif.o(i.ethernetif_input)
    i.icmp_dest_unreach                      0x08001d3e   Section        0  icmp.o(i.icmp_dest_unreach)
    i.icmp_input                             0x08001d50   Section        0  icmp.o(i.icmp_input)
    i.icmp_send_response                     0x08001f4c   Section        0  icmp.o(i.icmp_send_response)
    icmp_send_response                       0x08001f4d   Thumb Code   126  icmp.o(i.icmp_send_response)
    i.icmp_time_exceeded                     0x08001fd0   Section        0  icmp.o(i.icmp_time_exceeded)
    i.inet_chksum                            0x08001fe2   Section        0  inet_chksum.o(i.inet_chksum)
    i.inet_chksum_pbuf                       0x08001ff6   Section        0  inet_chksum.o(i.inet_chksum_pbuf)
    i.inet_chksum_pseudo                     0x0800204c   Section        0  inet_chksum.o(i.inet_chksum_pseudo)
    i.ip4_addr_isbroadcast                   0x080020ee   Section        0  ip_addr.o(i.ip4_addr_isbroadcast)
    i.ip_frag                                0x0800213c   Section        0  ip_frag.o(i.ip_frag)
    i.ip_frag_alloc_pbuf_custom_ref          0x080022f8   Section        0  ip_frag.o(i.ip_frag_alloc_pbuf_custom_ref)
    ip_frag_alloc_pbuf_custom_ref            0x080022f9   Thumb Code    10  ip_frag.o(i.ip_frag_alloc_pbuf_custom_ref)
    i.ip_frag_free_pbuf_custom_ref           0x08002302   Section        0  ip_frag.o(i.ip_frag_free_pbuf_custom_ref)
    ip_frag_free_pbuf_custom_ref             0x08002303   Thumb Code    18  ip_frag.o(i.ip_frag_free_pbuf_custom_ref)
    i.ip_input                               0x08002314   Section        0  ip.o(i.ip_input)
    i.ip_output                              0x08002550   Section        0  ip.o(i.ip_output)
    i.ip_output_if                           0x0800259c   Section        0  ip.o(i.ip_output_if)
    i.ip_reass                               0x080026c4   Section        0  ip_frag.o(i.ip_reass)
    i.ip_reass_chain_frag_into_datagram_and_validate 0x08002898   Section        0  ip_frag.o(i.ip_reass_chain_frag_into_datagram_and_validate)
    ip_reass_chain_frag_into_datagram_and_validate 0x08002899   Thumb Code   352  ip_frag.o(i.ip_reass_chain_frag_into_datagram_and_validate)
    i.ip_reass_dequeue_datagram              0x080029fc   Section        0  ip_frag.o(i.ip_reass_dequeue_datagram)
    ip_reass_dequeue_datagram                0x080029fd   Thumb Code    40  ip_frag.o(i.ip_reass_dequeue_datagram)
    i.ip_reass_enqueue_new_datagram          0x08002a28   Section        0  ip_frag.o(i.ip_reass_enqueue_new_datagram)
    ip_reass_enqueue_new_datagram            0x08002a29   Thumb Code    92  ip_frag.o(i.ip_reass_enqueue_new_datagram)
    i.ip_reass_free_complete_datagram        0x08002a8c   Section        0  ip_frag.o(i.ip_reass_free_complete_datagram)
    ip_reass_free_complete_datagram          0x08002a8d   Thumb Code   156  ip_frag.o(i.ip_reass_free_complete_datagram)
    i.ip_reass_remove_oldest_datagram        0x08002b2c   Section        0  ip_frag.o(i.ip_reass_remove_oldest_datagram)
    ip_reass_remove_oldest_datagram          0x08002b2d   Thumb Code   118  ip_frag.o(i.ip_reass_remove_oldest_datagram)
    i.ip_reass_timer                         0x08002ba8   Section        0  timers.o(i.ip_reass_timer)
    ip_reass_timer                           0x08002ba9   Thumb Code    22  timers.o(i.ip_reass_timer)
    i.ip_reass_tmr                           0x08002bc4   Section        0  ip_frag.o(i.ip_reass_tmr)
    i.ip_route                               0x08002bf8   Section        0  ip.o(i.ip_route)
    i.ipaddr_addr                            0x08002c60   Section        0  ip_addr.o(i.ipaddr_addr)
    i.ipaddr_aton                            0x08002c78   Section        0  ip_addr.o(i.ipaddr_aton)
    i.ipfrag_free_pbuf_custom                0x08002dd4   Section        0  ip_frag.o(i.ipfrag_free_pbuf_custom)
    ipfrag_free_pbuf_custom                  0x08002dd5   Thumb Code    32  ip_frag.o(i.ipfrag_free_pbuf_custom)
    i.low_level_init                         0x08002df4   Section        0  ethernetif.o(i.low_level_init)
    low_level_init                           0x08002df5   Thumb Code    96  ethernetif.o(i.low_level_init)
    i.low_level_input                        0x08002e58   Section        0  ethernetif.o(i.low_level_input)
    low_level_input                          0x08002e59   Thumb Code   102  ethernetif.o(i.low_level_input)
    i.low_level_output                       0x08002ec8   Section        0  ethernetif.o(i.low_level_output)
    low_level_output                         0x08002ec9   Thumb Code    64  ethernetif.o(i.low_level_output)
    i.lwip_config_init                       0x08002f10   Section        0  lwip_user.o(i.lwip_config_init)
    i.lwip_htonl                             0x08002fd0   Section        0  def.o(i.lwip_htonl)
    i.lwip_htons                             0x08002fea   Section        0  def.o(i.lwip_htons)
    i.lwip_init                              0x08002ff6   Section        0  init.o(i.lwip_init)
    i.lwip_ip_config                         0x0800301c   Section        0  lwip_user.o(i.lwip_ip_config)
    i.lwip_ntohl                             0x08003078   Section        0  def.o(i.lwip_ntohl)
    i.lwip_ntohs                             0x08003084   Section        0  def.o(i.lwip_ntohs)
    i.lwip_periodic_handle                   0x08003090   Section        0  lwip_user.o(i.lwip_periodic_handle)
    i.lwip_standard_chksum                   0x080030fc   Section        0  inet_chksum.o(i.lwip_standard_chksum)
    lwip_standard_chksum                     0x080030fd   Thumb Code    94  inet_chksum.o(i.lwip_standard_chksum)
    i.main                                   0x0800315c   Section        0  main.o(i.main)
    i.mem_free                               0x080031c8   Section        0  mem.o(i.mem_free)
    i.mem_init                               0x08003248   Section        0  mem.o(i.mem_init)
    i.mem_malloc                             0x080032b0   Section        0  mem.o(i.mem_malloc)
    i.mem_trim                               0x08003414   Section        0  mem.o(i.mem_trim)
    i.memp_free                              0x0800358c   Section        0  memp.o(i.memp_free)
    i.memp_init                              0x080035d0   Section        0  memp.o(i.memp_init)
    i.memp_malloc                            0x0800366c   Section        0  memp.o(i.memp_malloc)
    i.netif_add                              0x08003710   Section        0  netif.o(i.netif_add)
    i.netif_init                             0x0800377c   Section        0  netif.o(i.netif_init)
    i.netif_set_addr                         0x0800377e   Section        0  netif.o(i.netif_set_addr)
    i.netif_set_default                      0x080037a8   Section        0  netif.o(i.netif_set_default)
    i.netif_set_gw                           0x080037b4   Section        0  netif.o(i.netif_set_gw)
    i.netif_set_ipaddr                       0x080037c0   Section        0  netif.o(i.netif_set_ipaddr)
    i.netif_set_netmask                      0x08003838   Section        0  netif.o(i.netif_set_netmask)
    i.netif_set_up                           0x08003844   Section        0  netif.o(i.netif_set_up)
    i.pbuf_alloc                             0x0800387a   Section        0  pbuf.o(i.pbuf_alloc)
    i.pbuf_alloced_custom                    0x08003a1c   Section        0  pbuf.o(i.pbuf_alloced_custom)
    i.pbuf_cat                               0x08003a88   Section        0  pbuf.o(i.pbuf_cat)
    i.pbuf_chain                             0x08003ac0   Section        0  pbuf.o(i.pbuf_chain)
    i.pbuf_clen                              0x08003ad6   Section        0  pbuf.o(i.pbuf_clen)
    i.pbuf_copy                              0x08003ae8   Section        0  pbuf.o(i.pbuf_copy)
    i.pbuf_copy_partial                      0x08003ba8   Section        0  pbuf.o(i.pbuf_copy_partial)
    i.pbuf_free                              0x08003c3a   Section        0  pbuf.o(i.pbuf_free)
    i.pbuf_header                            0x08003cc0   Section        0  pbuf.o(i.pbuf_header)
    i.pbuf_pool_is_empty                     0x08003d40   Section        0  pbuf.o(i.pbuf_pool_is_empty)
    pbuf_pool_is_empty                       0x08003d41   Thumb Code     8  pbuf.o(i.pbuf_pool_is_empty)
    i.pbuf_realloc                           0x08003d4c   Section        0  pbuf.o(i.pbuf_realloc)
    i.pbuf_ref                               0x08003dc4   Section        0  pbuf.o(i.pbuf_ref)
    i.plug_holes                             0x08003dd0   Section        0  mem.o(i.plug_holes)
    plug_holes                               0x08003dd1   Thumb Code   124  mem.o(i.plug_holes)
    i.raw_input                              0x08003e58   Section        0  raw.o(i.raw_input)
    i.stats_init                             0x08003ecc   Section        0  stats.o(i.stats_init)
    i.sys_now                                0x08003ed0   Section        0  lwip_user.o(i.sys_now)
    i.sys_timeout                            0x08003edc   Section        0  timers.o(i.sys_timeout)
    i.sys_timeouts_init                      0x08003f78   Section        0  timers.o(i.sys_timeouts_init)
    i.tcp_abandon                            0x08003fb8   Section        0  tcp.o(i.tcp_abandon)
    i.tcp_abort                              0x08004058   Section        0  tcp.o(i.tcp_abort)
    i.tcp_alloc                              0x08004068   Section        0  tcp.o(i.tcp_alloc)
    i.tcp_close                              0x08004148   Section        0  tcp.o(i.tcp_close)
    i.tcp_close_shutdown                     0x08004164   Section        0  tcp.o(i.tcp_close_shutdown)
    tcp_close_shutdown                       0x08004165   Thumb Code   432  tcp.o(i.tcp_close_shutdown)
    i.tcp_create_segment                     0x0800432c   Section        0  tcp_out.o(i.tcp_create_segment)
    tcp_create_segment                       0x0800432d   Thumb Code   188  tcp_out.o(i.tcp_create_segment)
    i.tcp_eff_send_mss                       0x080043ec   Section        0  tcp.o(i.tcp_eff_send_mss)
    i.tcp_enqueue_flags                      0x0800441c   Section        0  tcp_out.o(i.tcp_enqueue_flags)
    i.tcp_fasttmr                            0x08004570   Section        0  tcp.o(i.tcp_fasttmr)
    i.tcp_init                               0x080045ec   Section        0  tcp.o(i.tcp_init)
    i.tcp_input                              0x080045f0   Section        0  tcp_in.o(i.tcp_input)
    i.tcp_keepalive                          0x08004b2c   Section        0  tcp_out.o(i.tcp_keepalive)
    i.tcp_kill_prio                          0x08004b94   Section        0  tcp.o(i.tcp_kill_prio)
    tcp_kill_prio                            0x08004b95   Thumb Code    76  tcp.o(i.tcp_kill_prio)
    i.tcp_kill_timewait                      0x08004be8   Section        0  tcp.o(i.tcp_kill_timewait)
    tcp_kill_timewait                        0x08004be9   Thumb Code    50  tcp.o(i.tcp_kill_timewait)
    i.tcp_listen_input                       0x08004c24   Section        0  tcp_in.o(i.tcp_listen_input)
    tcp_listen_input                         0x08004c25   Thumb Code   284  tcp_in.o(i.tcp_listen_input)
    i.tcp_next_iss                           0x08004d68   Section        0  tcp.o(i.tcp_next_iss)
    i.tcp_oos_insert_segment                 0x08004d84   Section        0  tcp_in.o(i.tcp_oos_insert_segment)
    tcp_oos_insert_segment                   0x08004d85   Thumb Code   138  tcp_in.o(i.tcp_oos_insert_segment)
    i.tcp_output                             0x08004e14   Section        0  tcp_out.o(i.tcp_output)
    i.tcp_output_alloc_header                0x08004fd4   Section        0  tcp_out.o(i.tcp_output_alloc_header)
    tcp_output_alloc_header                  0x08004fd5   Thumb Code   120  tcp_out.o(i.tcp_output_alloc_header)
    i.tcp_output_segment                     0x0800504c   Section        0  tcp_out.o(i.tcp_output_segment)
    tcp_output_segment                       0x0800504d   Thumb Code   238  tcp_out.o(i.tcp_output_segment)
    i.tcp_parseopt                           0x08005144   Section        0  tcp_in.o(i.tcp_parseopt)
    tcp_parseopt                             0x08005145   Thumb Code   178  tcp_in.o(i.tcp_parseopt)
    i.tcp_pcb_purge                          0x080051fc   Section        0  tcp.o(i.tcp_pcb_purge)
    i.tcp_pcb_remove                         0x08005244   Section        0  tcp.o(i.tcp_pcb_remove)
    i.tcp_process                            0x080052d8   Section        0  tcp_in.o(i.tcp_process)
    tcp_process                              0x080052d9   Thumb Code  1392  tcp_in.o(i.tcp_process)
    i.tcp_process_refused_data               0x08005864   Section        0  tcp.o(i.tcp_process_refused_data)
    i.tcp_receive                            0x080058f4   Section        0  tcp_in.o(i.tcp_receive)
    tcp_receive                              0x080058f5   Thumb Code  2520  tcp_in.o(i.tcp_receive)
    i.tcp_recv_null                          0x080062d8   Section        0  tcp.o(i.tcp_recv_null)
    i.tcp_recved                             0x08006306   Section        0  tcp.o(i.tcp_recved)
    i.tcp_rexmit                             0x0800634c   Section        0  tcp_out.o(i.tcp_rexmit)
    i.tcp_rexmit_fast                        0x080063a6   Section        0  tcp_out.o(i.tcp_rexmit_fast)
    i.tcp_rexmit_rto                         0x08006416   Section        0  tcp_out.o(i.tcp_rexmit_rto)
    i.tcp_rst                                0x08006450   Section        0  tcp_out.o(i.tcp_rst)
    i.tcp_seg_copy                           0x080064f0   Section        0  tcp.o(i.tcp_seg_copy)
    i.tcp_seg_free                           0x08006514   Section        0  tcp.o(i.tcp_seg_free)
    i.tcp_segs_free                          0x0800652e   Section        0  tcp.o(i.tcp_segs_free)
    i.tcp_send_empty_ack                     0x08006546   Section        0  tcp_out.o(i.tcp_send_empty_ack)
    i.tcp_send_fin                           0x080065a6   Section        0  tcp_out.o(i.tcp_send_fin)
    i.tcp_slowtmr                            0x080065f0   Section        0  tcp.o(i.tcp_slowtmr)
    i.tcp_timer_needed                       0x08006944   Section        0  timers.o(i.tcp_timer_needed)
    i.tcp_timewait_input                     0x0800697c   Section        0  tcp_in.o(i.tcp_timewait_input)
    tcp_timewait_input                       0x0800697d   Thumb Code   140  tcp_in.o(i.tcp_timewait_input)
    i.tcp_tmr                                0x08006a28   Section        0  tcp.o(i.tcp_tmr)
    i.tcp_update_rcv_ann_wnd                 0x08006a4c   Section        0  tcp.o(i.tcp_update_rcv_ann_wnd)
    i.tcp_zero_window_probe                  0x08006a9c   Section        0  tcp_out.o(i.tcp_zero_window_probe)
    i.tcpip_tcp_timer                        0x08006b64   Section        0  timers.o(i.tcpip_tcp_timer)
    tcpip_tcp_timer                          0x08006b65   Thumb Code    40  timers.o(i.tcpip_tcp_timer)
    i.udp_bind                               0x08006b9c   Section        0  udp.o(i.udp_bind)
    i.udp_connect                            0x08006c1c   Section        0  udp.o(i.udp_connect)
    i.udp_init                               0x08006c80   Section        0  udp.o(i.udp_init)
    i.udp_input                              0x08006c84   Section        0  udp.o(i.udp_input)
    i.udp_new                                0x08006ec8   Section        0  udp.o(i.udp_new)
    i.udp_new_port                           0x08006ee4   Section        0  udp.o(i.udp_new_port)
    udp_new_port                             0x08006ee5   Thumb Code    80  udp.o(i.udp_new_port)
    i.udp_recv                               0x08006f3c   Section        0  udp.o(i.udp_recv)
    i.udp_sendto                             0x08006f44   Section        0  udp.o(i.udp_sendto)
    i.udp_sendto_if                          0x08006f88   Section        0  udp.o(i.udp_sendto_if)
    .constdata                               0x08007090   Section       40  memp.o(.constdata)
    memp_sizes                               0x08007090   Data          20  memp.o(.constdata)
    memp_num                                 0x080070a4   Data          20  memp.o(.constdata)
    .constdata                               0x080070b8   Section       80  tcp.o(.constdata)
    .constdata                               0x08007108   Section        8  ip_addr.o(.constdata)
    .constdata                               0x08007110   Section       12  etharp.o(.constdata)
    .conststring                             0x0800711c   Section      117  tcp.o(.conststring)
    .data                                    0x20000000   Section        5  main.o(.data)
    .data                                    0x20000008   Section       20  system_stm32f10x.o(.data)
    .data                                    0x2000001c   Section        1  led.o(.data)
    .data                                    0x20000020   Section        8  enc28j60.o(.data)
    ENC28J60BANK                             0x20000020   Data           1  enc28j60.o(.data)
    NextPacketPtr                            0x20000024   Data           4  enc28j60.o(.data)
    .data                                    0x20000028   Section        4  delay.o(.data)
    fac_us                                   0x20000028   Data           1  delay.o(.data)
    fac_ms                                   0x2000002a   Data           2  delay.o(.data)
    .data                                    0x2000002c   Section       20  dns.o(.data)
    dns_pcb                                  0x2000002c   Data           4  dns.o(.data)
    dns_seqno                                0x20000030   Data           1  dns.o(.data)
    dns_servers                              0x20000034   Data           8  dns.o(.data)
    dns_payload                              0x2000003c   Data           4  dns.o(.data)
    .data                                    0x20000040   Section       12  mem.o(.data)
    ram                                      0x20000040   Data           4  mem.o(.data)
    ram_end                                  0x20000044   Data           4  mem.o(.data)
    lfree                                    0x20000048   Data           4  mem.o(.data)
    .data                                    0x2000004c   Section        9  netif.o(.data)
    netif_num                                0x20000054   Data           1  netif.o(.data)
    .data                                    0x20000055   Section        1  pbuf.o(.data)
    .data                                    0x20000058   Section        4  raw.o(.data)
    raw_pcbs                                 0x20000058   Data           4  raw.o(.data)
    .data                                    0x2000005c   Section       36  tcp.o(.data)
    tcp_port                                 0x2000005c   Data           2  tcp.o(.data)
    tcp_timer                                0x20000079   Data           1  tcp.o(.data)
    tcp_timer_ctr                            0x2000007a   Data           1  tcp.o(.data)
    iss                                      0x2000007c   Data           4  tcp.o(.data)
    .data                                    0x20000080   Section       32  tcp_in.o(.data)
    tcphdr                                   0x20000080   Data           4  tcp_in.o(.data)
    iphdr                                    0x20000084   Data           4  tcp_in.o(.data)
    seqno                                    0x20000088   Data           4  tcp_in.o(.data)
    ackno                                    0x2000008c   Data           4  tcp_in.o(.data)
    flags                                    0x20000090   Data           1  tcp_in.o(.data)
    tcplen                                   0x20000092   Data           2  tcp_in.o(.data)
    recv_flags                               0x20000094   Data           1  tcp_in.o(.data)
    recv_data                                0x20000098   Data           4  tcp_in.o(.data)
    .data                                    0x200000a0   Section       12  timers.o(.data)
    next_timeout                             0x200000a0   Data           4  timers.o(.data)
    timeouts_last_time                       0x200000a4   Data           4  timers.o(.data)
    tcpip_tcp_timer_active                   0x200000a8   Data           4  timers.o(.data)
    .data                                    0x200000ac   Section        8  udp.o(.data)
    udp_port                                 0x200000ac   Data           2  udp.o(.data)
    .data                                    0x200000b4   Section       18  ip.o(.data)
    ip_id                                    0x200000c4   Data           2  ip.o(.data)
    .data                                    0x200000c8   Section        6  ip_frag.o(.data)
    reassdatagrams                           0x200000c8   Data           4  ip_frag.o(.data)
    ip_reass_pbufcount                       0x200000cc   Data           2  ip_frag.o(.data)
    .data                                    0x200000ce   Section        1  etharp.o(.data)
    etharp_cached_entry                      0x200000ce   Data           1  etharp.o(.data)
    .data                                    0x200000d0   Section       18  lwip_user.o(.data)
    .bss                                     0x200000e4   Section     1635  dns.o(.bss)
    dns_table                                0x200000e4   Data        1120  dns.o(.bss)
    dns_payload_buffer                       0x20000544   Data         515  dns.o(.bss)
    .bss                                     0x20000747   Section    16020  mem.o(.bss)
    .bss                                     0x200045dc   Section    27259  memp.o(.bss)
    memp_tab                                 0x200045dc   Data          40  memp.o(.bss)
    memp_memory                              0x20004604   Data       27219  memp.o(.bss)
    .bss                                     0x2000b058   Section      278  stats.o(.bss)
    .bss                                     0x2000b170   Section       16  tcp_in.o(.bss)
    inseg                                    0x2000b170   Data          16  tcp_in.o(.bss)
    .bss                                     0x2000b180   Section      200  etharp.o(.bss)
    arp_table                                0x2000b180   Data         200  etharp.o(.bss)
    .bss                                     0x2000b248   Section     3000  ethernetif.o(.bss)
    .bss                                     0x2000be00   Section       68  lwip_user.o(.bss)
    STACK                                    0x2000be48   Section     1024  startup_stm32f10x_hd.o(STACK)

    Global Symbols

    Symbol Name                              Value     Ov Type        Size  Object(Section)

    BuildAttributes$$THM_ISAv4$P$D$K$B$S$PE$A:L22UL41UL21$X:L11$S22US41US21$IEEE1$IW$USESV6$~STKCKD$USESV7$~SHL$OSPACE$EBA8$MICROLIB$REQ8$PRES8$EABIv2 0x00000000   Number         0  anon$$obj.o ABSOLUTE
    __ARM_use_no_argv                        0x00000000   Number         0  main.o ABSOLUTE
    __cpp_initialize__aeabi_                  - Undefined Weak Reference
    __cxa_finalize                            - Undefined Weak Reference
    __decompress                              - Undefined Weak Reference
    _clock_init                               - Undefined Weak Reference
    _microlib_exit                            - Undefined Weak Reference
    __Vectors_Size                           0x00000130   Number         0  startup_stm32f10x_hd.o ABSOLUTE
    __Vectors                                0x08000000   Data           4  startup_stm32f10x_hd.o(RESET)
    __Vectors_End                            0x08000130   Data           0  startup_stm32f10x_hd.o(RESET)
    __main                                   0x08000131   Thumb Code     0  entry.o(.ARM.Collect$$$$00000000)
    _main_stk                                0x08000131   Thumb Code     0  entry2.o(.ARM.Collect$$$$00000001)
    _main_scatterload                        0x08000135   Thumb Code     0  entry5.o(.ARM.Collect$$$$00000004)
    __main_after_scatterload                 0x08000139   Thumb Code     0  entry5.o(.ARM.Collect$$$$00000004)
    _main_clock                              0x08000139   Thumb Code     0  entry7b.o(.ARM.Collect$$$$00000008)
    _main_cpp_init                           0x08000139   Thumb Code     0  entry8b.o(.ARM.Collect$$$$0000000A)
    _main_init                               0x08000139   Thumb Code     0  entry9a.o(.ARM.Collect$$$$0000000B)
    __rt_final_cpp                           0x08000141   Thumb Code     0  entry10a.o(.ARM.Collect$$$$0000000D)
    __rt_final_exit                          0x08000141   Thumb Code     0  entry11a.o(.ARM.Collect$$$$0000000F)
    Reset_Handler                            0x08000145   Thumb Code     8  startup_stm32f10x_hd.o(.text)
    ADC1_2_IRQHandler                        0x0800015f   Thumb Code     0  startup_stm32f10x_hd.o(.text)
    ADC3_IRQHandler                          0x0800015f   Thumb Code     0  startup_stm32f10x_hd.o(.text)
    CAN1_RX1_IRQHandler                      0x0800015f   Thumb Code     0  startup_stm32f10x_hd.o(.text)
    CAN1_SCE_IRQHandler                      0x0800015f   Thumb Code     0  startup_stm32f10x_hd.o(.text)
    DMA1_Channel1_IRQHandler                 0x0800015f   Thumb Code     0  startup_stm32f10x_hd.o(.text)
    DMA1_Channel2_IRQHandler                 0x0800015f   Thumb Code     0  startup_stm32f10x_hd.o(.text)
    DMA1_Channel3_IRQHandler                 0x0800015f   Thumb Code     0  startup_stm32f10x_hd.o(.text)
    DMA1_Channel4_IRQHandler                 0x0800015f   Thumb Code     0  startup_stm32f10x_hd.o(.text)
    DMA1_Channel5_IRQHandler                 0x0800015f   Thumb Code     0  startup_stm32f10x_hd.o(.text)
    DMA1_Channel6_IRQHandler                 0x0800015f   Thumb Code     0  startup_stm32f10x_hd.o(.text)
    DMA1_Channel7_IRQHandler                 0x0800015f   Thumb Code     0  startup_stm32f10x_hd.o(.text)
    DMA2_Channel1_IRQHandler                 0x0800015f   Thumb Code     0  startup_stm32f10x_hd.o(.text)
    DMA2_Channel2_IRQHandler                 0x0800015f   Thumb Code     0  startup_stm32f10x_hd.o(.text)
    DMA2_Channel3_IRQHandler                 0x0800015f   Thumb Code     0  startup_stm32f10x_hd.o(.text)
    DMA2_Channel4_5_IRQHandler               0x0800015f   Thumb Code     0  startup_stm32f10x_hd.o(.text)
    EXTI0_IRQHandler                         0x0800015f   Thumb Code     0  startup_stm32f10x_hd.o(.text)
    EXTI15_10_IRQHandler                     0x0800015f   Thumb Code     0  startup_stm32f10x_hd.o(.text)
    EXTI1_IRQHandler                         0x0800015f   Thumb Code     0  startup_stm32f10x_hd.o(.text)
    EXTI2_IRQHandler                         0x0800015f   Thumb Code     0  startup_stm32f10x_hd.o(.text)
    EXTI3_IRQHandler                         0x0800015f   Thumb Code     0  startup_stm32f10x_hd.o(.text)
    EXTI4_IRQHandler                         0x0800015f   Thumb Code     0  startup_stm32f10x_hd.o(.text)
    EXTI9_5_IRQHandler                       0x0800015f   Thumb Code     0  startup_stm32f10x_hd.o(.text)
    FLASH_IRQHandler                         0x0800015f   Thumb Code     0  startup_stm32f10x_hd.o(.text)
    FSMC_IRQHandler                          0x0800015f   Thumb Code     0  startup_stm32f10x_hd.o(.text)
    I2C1_ER_IRQHandler                       0x0800015f   Thumb Code     0  startup_stm32f10x_hd.o(.text)
    I2C1_EV_IRQHandler                       0x0800015f   Thumb Code     0  startup_stm32f10x_hd.o(.text)
    I2C2_ER_IRQHandler                       0x0800015f   Thumb Code     0  startup_stm32f10x_hd.o(.text)
    I2C2_EV_IRQHandler                       0x0800015f   Thumb Code     0  startup_stm32f10x_hd.o(.text)
    PVD_IRQHandler                           0x0800015f   Thumb Code     0  startup_stm32f10x_hd.o(.text)
    RCC_IRQHandler                           0x0800015f   Thumb Code     0  startup_stm32f10x_hd.o(.text)
    RTCAlarm_IRQHandler                      0x0800015f   Thumb Code     0  startup_stm32f10x_hd.o(.text)
    RTC_IRQHandler                           0x0800015f   Thumb Code     0  startup_stm32f10x_hd.o(.text)
    SDIO_IRQHandler                          0x0800015f   Thumb Code     0  startup_stm32f10x_hd.o(.text)
    SPI1_IRQHandler                          0x0800015f   Thumb Code     0  startup_stm32f10x_hd.o(.text)
    SPI2_IRQHandler                          0x0800015f   Thumb Code     0  startup_stm32f10x_hd.o(.text)
    SPI3_IRQHandler                          0x0800015f   Thumb Code     0  startup_stm32f10x_hd.o(.text)
    TAMPER_IRQHandler                        0x0800015f   Thumb Code     0  startup_stm32f10x_hd.o(.text)
    TIM1_BRK_IRQHandler                      0x0800015f   Thumb Code     0  startup_stm32f10x_hd.o(.text)
    TIM1_CC_IRQHandler                       0x0800015f   Thumb Code     0  startup_stm32f10x_hd.o(.text)
    TIM1_TRG_COM_IRQHandler                  0x0800015f   Thumb Code     0  startup_stm32f10x_hd.o(.text)
    TIM1_UP_IRQHandler                       0x0800015f   Thumb Code     0  startup_stm32f10x_hd.o(.text)
    TIM2_IRQHandler                          0x0800015f   Thumb Code     0  startup_stm32f10x_hd.o(.text)
    TIM4_IRQHandler                          0x0800015f   Thumb Code     0  startup_stm32f10x_hd.o(.text)
    TIM5_IRQHandler                          0x0800015f   Thumb Code     0  startup_stm32f10x_hd.o(.text)
    TIM6_IRQHandler                          0x0800015f   Thumb Code     0  startup_stm32f10x_hd.o(.text)
    TIM7_IRQHandler                          0x0800015f   Thumb Code     0  startup_stm32f10x_hd.o(.text)
    TIM8_BRK_IRQHandler                      0x0800015f   Thumb Code     0  startup_stm32f10x_hd.o(.text)
    TIM8_CC_IRQHandler                       0x0800015f   Thumb Code     0  startup_stm32f10x_hd.o(.text)
    TIM8_TRG_COM_IRQHandler                  0x0800015f   Thumb Code     0  startup_stm32f10x_hd.o(.text)
    TIM8_UP_IRQHandler                       0x0800015f   Thumb Code     0  startup_stm32f10x_hd.o(.text)
    UART4_IRQHandler                         0x0800015f   Thumb Code     0  startup_stm32f10x_hd.o(.text)
    UART5_IRQHandler                         0x0800015f   Thumb Code     0  startup_stm32f10x_hd.o(.text)
    USART1_IRQHandler                        0x0800015f   Thumb Code     0  startup_stm32f10x_hd.o(.text)
    USART2_IRQHandler                        0x0800015f   Thumb Code     0  startup_stm32f10x_hd.o(.text)
    USART3_IRQHandler                        0x0800015f   Thumb Code     0  startup_stm32f10x_hd.o(.text)
    USBWakeUp_IRQHandler                     0x0800015f   Thumb Code     0  startup_stm32f10x_hd.o(.text)
    USB_HP_CAN1_TX_IRQHandler                0x0800015f   Thumb Code     0  startup_stm32f10x_hd.o(.text)
    USB_LP_CAN1_RX0_IRQHandler               0x0800015f   Thumb Code     0  startup_stm32f10x_hd.o(.text)
    WWDG_IRQHandler                          0x0800015f   Thumb Code     0  startup_stm32f10x_hd.o(.text)
    __aeabi_memcpy                           0x08000169   Thumb Code    36  memcpya.o(.text)
    __aeabi_memcpy4                          0x08000169   Thumb Code     0  memcpya.o(.text)
    __aeabi_memcpy8                          0x08000169   Thumb Code     0  memcpya.o(.text)
    __aeabi_memset                           0x0800018d   Thumb Code    14  memseta.o(.text)
    __aeabi_memset4                          0x0800018d   Thumb Code     0  memseta.o(.text)
    __aeabi_memset8                          0x0800018d   Thumb Code     0  memseta.o(.text)
    __aeabi_memclr                           0x0800019b   Thumb Code     4  memseta.o(.text)
    __aeabi_memclr4                          0x0800019b   Thumb Code     0  memseta.o(.text)
    __aeabi_memclr8                          0x0800019b   Thumb Code     0  memseta.o(.text)
    _memset$wrapper                          0x0800019f   Thumb Code    18  memseta.o(.text)
    memcmp                                   0x080001b1   Thumb Code    26  memcmp.o(.text)
    __scatterload                            0x080001cd   Thumb Code    28  init.o(.text)
    __scatterload_rt2                        0x080001cd   Thumb Code     0  init.o(.text)
    BusFault_Handler                         0x080001f1   Thumb Code     4  stm32f10x_it.o(i.BusFault_Handler)
    DebugMon_Handler                         0x080001f5   Thumb Code     2  stm32f10x_it.o(i.DebugMon_Handler)
    ENC28J60_Init                            0x080001f9   Thumb Code   366  enc28j60.o(i.ENC28J60_Init)
    ENC28J60_PHY_Write                       0x0800036d   Thumb Code    62  enc28j60.o(i.ENC28J60_PHY_Write)
    ENC28J60_Packet_Receive                  0x080003ad   Thumb Code   188  enc28j60.o(i.ENC28J60_Packet_Receive)
    ENC28J60_Packet_Send                     0x0800046d   Thumb Code   102  enc28j60.o(i.ENC28J60_Packet_Send)
    ENC28J60_Read                            0x080004d3   Thumb Code    20  enc28j60.o(i.ENC28J60_Read)
    ENC28J60_Read_Buf                        0x080004e9   Thumb Code    56  enc28j60.o(i.ENC28J60_Read_Buf)
    ENC28J60_Read_Op                         0x08000525   Thumb Code    68  enc28j60.o(i.ENC28J60_Read_Op)
    ENC28J60_Reset                           0x0800056d   Thumb Code    42  enc28j60.o(i.ENC28J60_Reset)
    ENC28J60_Set_Bank                        0x08000691   Thumb Code    48  enc28j60.o(i.ENC28J60_Set_Bank)
    ENC28J60_Write                           0x080006c5   Thumb Code    24  enc28j60.o(i.ENC28J60_Write)
    ENC28J60_Write_Buf                       0x080006dd   Thumb Code    50  enc28j60.o(i.ENC28J60_Write_Buf)
    ENC28J60_Write_Op                        0x08000715   Thumb Code    56  enc28j60.o(i.ENC28J60_Write_Op)
    GPIO_Init                                0x08000751   Thumb Code   278  stm32f10x_gpio.o(i.GPIO_Init)
    GPIO_ResetBits                           0x08000867   Thumb Code     4  stm32f10x_gpio.o(i.GPIO_ResetBits)
    GPIO_SetBits                             0x0800086b   Thumb Code     4  stm32f10x_gpio.o(i.GPIO_SetBits)
    HardFault_Handler                        0x0800086f   Thumb Code     4  stm32f10x_it.o(i.HardFault_Handler)
    LED_Init                                 0x08000875   Thumb Code    68  led.o(i.LED_Init)
    Led_Fun                                  0x080008c1   Thumb Code    60  led.o(i.Led_Fun)
    MemManage_Handler                        0x08000905   Thumb Code     4  stm32f10x_it.o(i.MemManage_Handler)
    NMI_Handler                              0x08000909   Thumb Code     2  stm32f10x_it.o(i.NMI_Handler)
    NVIC_Init                                0x0800090d   Thumb Code   100  misc.o(i.NVIC_Init)
    PendSV_Handler                           0x0800097d   Thumb Code     2  stm32f10x_it.o(i.PendSV_Handler)
    RCC_APB1PeriphClockCmd                   0x08000981   Thumb Code    26  stm32f10x_rcc.o(i.RCC_APB1PeriphClockCmd)
    RCC_APB2PeriphClockCmd                   0x080009a1   Thumb Code    26  stm32f10x_rcc.o(i.RCC_APB2PeriphClockCmd)
    SPI2_ReadWriteByte                       0x080009c1   Thumb Code    78  spi.o(i.SPI2_ReadWriteByte)
    SPI2_SetSpeed                            0x08000a15   Thumb Code    36  spi.o(i.SPI2_SetSpeed)
    SPI_Cmd                                  0x08000a3d   Thumb Code    24  stm32f10x_spi.o(i.SPI_Cmd)
    SPI_I2S_GetFlagStatus                    0x08000a55   Thumb Code    18  stm32f10x_spi.o(i.SPI_I2S_GetFlagStatus)
    SPI_I2S_ReceiveData                      0x08000a67   Thumb Code     6  stm32f10x_spi.o(i.SPI_I2S_ReceiveData)
    SPI_I2S_SendData                         0x08000a6d   Thumb Code     4  stm32f10x_spi.o(i.SPI_I2S_SendData)
    SPI_Init                                 0x08000a71   Thumb Code    60  stm32f10x_spi.o(i.SPI_Init)
    SVC_Handler                              0x08000aad   Thumb Code     2  stm32f10x_it.o(i.SVC_Handler)
    SysTick_CLKSourceConfig                  0x08000b99   Thumb Code    40  misc.o(i.SysTick_CLKSourceConfig)
    SysTick_Handler                          0x08000bc1   Thumb Code     2  stm32f10x_it.o(i.SysTick_Handler)
    SystemInit                               0x08000bc5   Thumb Code    78  system_stm32f10x.o(i.SystemInit)
    TIM3_IRQHandler                          0x08000c25   Thumb Code    34  timer.o(i.TIM3_IRQHandler)
    TIM3_Int_Init                            0x08000c51   Thumb Code    90  timer.o(i.TIM3_Int_Init)
    TIM_ClearITPendingBit                    0x08000cb1   Thumb Code     6  stm32f10x_tim.o(i.TIM_ClearITPendingBit)
    TIM_Cmd                                  0x08000cb7   Thumb Code    24  stm32f10x_tim.o(i.TIM_Cmd)
    TIM_GetITStatus                          0x08000ccf   Thumb Code    34  stm32f10x_tim.o(i.TIM_GetITStatus)
    TIM_ITConfig                             0x08000cf1   Thumb Code    18  stm32f10x_tim.o(i.TIM_ITConfig)
    TIM_TimeBaseInit                         0x08000d05   Thumb Code   122  stm32f10x_tim.o(i.TIM_TimeBaseInit)
    UsageFault_Handler                       0x08000da9   Thumb Code     4  stm32f10x_it.o(i.UsageFault_Handler)
    __scatterload_copy                       0x08000dad   Thumb Code    14  handlers.o(i.__scatterload_copy)
    __scatterload_null                       0x08000dbb   Thumb Code     2  handlers.o(i.__scatterload_null)
    __scatterload_zeroinit                   0x08000dbd   Thumb Code    14  handlers.o(i.__scatterload_zeroinit)
    delay_init                               0x08000de9   Thumb Code    50  delay.o(i.delay_init)
    delay_ms                                 0x08000e2d   Thumb Code    72  delay.o(i.delay_ms)
    dns_init                                 0x08000fb9   Thumb Code    78  dns.o(i.dns_init)
    dns_setserver                            0x080012a5   Thumb Code    28  dns.o(i.dns_setserver)
    dns_tmr                                  0x080012e5   Thumb Code    14  dns.o(i.dns_tmr)
    etharp_output                            0x080015e9   Thumb Code   336  etharp.o(i.etharp_output)
    etharp_query                             0x080017b5   Thumb Code   364  etharp.o(i.etharp_query)
    etharp_request                           0x080019f9   Thumb Code    36  etharp.o(i.etharp_request)
    etharp_tmr                               0x08001a5d   Thumb Code   140  etharp.o(i.etharp_tmr)
    ethernet_input                           0x08001bbd   Thumb Code   222  etharp.o(i.ethernet_input)
    ethernetif_init                          0x08001ca5   Thumb Code    62  ethernetif.o(i.ethernetif_init)
    ethernetif_input                         0x08001ced   Thumb Code    82  ethernetif.o(i.ethernetif_input)
    icmp_dest_unreach                        0x08001d3f   Thumb Code    18  icmp.o(i.icmp_dest_unreach)
    icmp_input                               0x08001d51   Thumb Code   496  icmp.o(i.icmp_input)
    icmp_time_exceeded                       0x08001fd1   Thumb Code    18  icmp.o(i.icmp_time_exceeded)
    inet_chksum                              0x08001fe3   Thumb Code    20  inet_chksum.o(i.inet_chksum)
    inet_chksum_pbuf                         0x08001ff7   Thumb Code    86  inet_chksum.o(i.inet_chksum_pbuf)
    inet_chksum_pseudo                       0x0800204d   Thumb Code   162  inet_chksum.o(i.inet_chksum_pseudo)
    ip4_addr_isbroadcast                     0x080020ef   Thumb Code    78  ip_addr.o(i.ip4_addr_isbroadcast)
    ip_frag                                  0x0800213d   Thumb Code   434  ip_frag.o(i.ip_frag)
    ip_input                                 0x08002315   Thumb Code   548  ip.o(i.ip_input)
    ip_output                                0x08002551   Thumb Code    72  ip.o(i.ip_output)
    ip_output_if                             0x0800259d   Thumb Code   286  ip.o(i.ip_output_if)
    ip_reass                                 0x080026c5   Thumb Code   454  ip_frag.o(i.ip_reass)
    ip_reass_tmr                             0x08002bc5   Thumb Code    48  ip_frag.o(i.ip_reass_tmr)
    ip_route                                 0x08002bf9   Thumb Code    92  ip.o(i.ip_route)
    ipaddr_addr                              0x08002c61   Thumb Code    24  ip_addr.o(i.ipaddr_addr)
    ipaddr_aton                              0x08002c79   Thumb Code   348  ip_addr.o(i.ipaddr_aton)
    lwip_config_init                         0x08002f11   Thumb Code   170  lwip_user.o(i.lwip_config_init)
    lwip_htonl                               0x08002fd1   Thumb Code    26  def.o(i.lwip_htonl)
    lwip_htons                               0x08002feb   Thumb Code    12  def.o(i.lwip_htons)
    lwip_init                                0x08002ff7   Thumb Code    36  init.o(i.lwip_init)
    lwip_ip_config                           0x0800301d   Thumb Code    86  lwip_user.o(i.lwip_ip_config)
    lwip_ntohl                               0x08003079   Thumb Code    12  def.o(i.lwip_ntohl)
    lwip_ntohs                               0x08003085   Thumb Code    12  def.o(i.lwip_ntohs)
    lwip_periodic_handle                     0x08003091   Thumb Code    88  lwip_user.o(i.lwip_periodic_handle)
    main                                     0x0800315d   Thumb Code    96  main.o(i.main)
    mem_free                                 0x080031c9   Thumb Code   110  mem.o(i.mem_free)
    mem_init                                 0x08003249   Thumb Code    84  mem.o(i.mem_init)
    mem_malloc                               0x080032b1   Thumb Code   338  mem.o(i.mem_malloc)
    mem_trim                                 0x08003415   Thumb Code   358  mem.o(i.mem_trim)
    memp_free                                0x0800358d   Thumb Code    58  memp.o(i.memp_free)
    memp_init                                0x080035d1   Thumb Code   136  memp.o(i.memp_init)
    memp_malloc                              0x0800366d   Thumb Code   156  memp.o(i.memp_malloc)
    netif_add                                0x08003711   Thumb Code   100  netif.o(i.netif_add)
    netif_init                               0x0800377d   Thumb Code     2  netif.o(i.netif_init)
    netif_set_addr                           0x0800377f   Thumb Code    40  netif.o(i.netif_set_addr)
    netif_set_default                        0x080037a9   Thumb Code     6  netif.o(i.netif_set_default)
    netif_set_gw                             0x080037b5   Thumb Code    12  netif.o(i.netif_set_gw)
    netif_set_ipaddr                         0x080037c1   Thumb Code   110  netif.o(i.netif_set_ipaddr)
    netif_set_netmask                        0x08003839   Thumb Code    12  netif.o(i.netif_set_netmask)
    netif_set_up                             0x08003845   Thumb Code    54  netif.o(i.netif_set_up)
    pbuf_alloc                               0x0800387b   Thumb Code   418  pbuf.o(i.pbuf_alloc)
    pbuf_alloced_custom                      0x08003a1d   Thumb Code   108  pbuf.o(i.pbuf_alloced_custom)
    pbuf_cat                                 0x08003a89   Thumb Code    56  pbuf.o(i.pbuf_cat)
    pbuf_chain                               0x08003ac1   Thumb Code    22  pbuf.o(i.pbuf_chain)
    pbuf_clen                                0x08003ad7   Thumb Code    18  pbuf.o(i.pbuf_clen)
    pbuf_copy                                0x08003ae9   Thumb Code   192  pbuf.o(i.pbuf_copy)
    pbuf_copy_partial                        0x08003ba9   Thumb Code   146  pbuf.o(i.pbuf_copy_partial)
    pbuf_free                                0x08003c3b   Thumb Code   134  pbuf.o(i.pbuf_free)
    pbuf_header                              0x08003cc1   Thumb Code   126  pbuf.o(i.pbuf_header)
    pbuf_realloc                             0x08003d4d   Thumb Code   120  pbuf.o(i.pbuf_realloc)
    pbuf_ref                                 0x08003dc5   Thumb Code    10  pbuf.o(i.pbuf_ref)
    raw_input                                0x08003e59   Thumb Code   102  raw.o(i.raw_input)
    stats_init                               0x08003ecd   Thumb Code     2  stats.o(i.stats_init)
    sys_now                                  0x08003ed1   Thumb Code     6  lwip_user.o(i.sys_now)
    sys_timeout                              0x08003edd   Thumb Code   152  timers.o(i.sys_timeout)
    sys_timeouts_init                        0x08003f79   Thumb Code    48  timers.o(i.sys_timeouts_init)
    tcp_abandon                              0x08003fb9   Thumb Code   146  tcp.o(i.tcp_abandon)
    tcp_abort                                0x08004059   Thumb Code    14  tcp.o(i.tcp_abort)
    tcp_alloc                                0x08004069   Thumb Code   204  tcp.o(i.tcp_alloc)
    tcp_close                                0x08004149   Thumb Code    28  tcp.o(i.tcp_close)
    tcp_eff_send_mss                         0x080043ed   Thumb Code    46  tcp.o(i.tcp_eff_send_mss)
    tcp_enqueue_flags                        0x0800441d   Thumb Code   336  tcp_out.o(i.tcp_enqueue_flags)
    tcp_fasttmr                              0x08004571   Thumb Code   110  tcp.o(i.tcp_fasttmr)
    tcp_init                                 0x080045ed   Thumb Code     2  tcp.o(i.tcp_init)
    tcp_input                                0x080045f1   Thumb Code  1300  tcp_in.o(i.tcp_input)
    tcp_keepalive                            0x08004b2d   Thumb Code   100  tcp_out.o(i.tcp_keepalive)
    tcp_next_iss                             0x08004d69   Thumb Code    20  tcp.o(i.tcp_next_iss)
    tcp_output                               0x08004e15   Thumb Code   444  tcp_out.o(i.tcp_output)
    tcp_pcb_purge                            0x080051fd   Thumb Code    72  tcp.o(i.tcp_pcb_purge)
    tcp_pcb_remove                           0x08005245   Thumb Code   144  tcp.o(i.tcp_pcb_remove)
    tcp_process_refused_data                 0x08005865   Thumb Code   144  tcp.o(i.tcp_process_refused_data)
    tcp_recv_null                            0x080062d9   Thumb Code    46  tcp.o(i.tcp_recv_null)
    tcp_recved                               0x08006307   Thumb Code    70  tcp.o(i.tcp_recved)
    tcp_rexmit                               0x0800634d   Thumb Code    90  tcp_out.o(i.tcp_rexmit)
    tcp_rexmit_fast                          0x080063a7   Thumb Code   112  tcp_out.o(i.tcp_rexmit_fast)
    tcp_rexmit_rto                           0x08006417   Thumb Code    58  tcp_out.o(i.tcp_rexmit_rto)
    tcp_rst                                  0x08006451   Thumb Code   156  tcp_out.o(i.tcp_rst)
    tcp_seg_copy                             0x080064f1   Thumb Code    36  tcp.o(i.tcp_seg_copy)
    tcp_seg_free                             0x08006515   Thumb Code    26  tcp.o(i.tcp_seg_free)
    tcp_segs_free                            0x0800652f   Thumb Code    24  tcp.o(i.tcp_segs_free)
    tcp_send_empty_ack                       0x08006547   Thumb Code    96  tcp_out.o(i.tcp_send_empty_ack)
    tcp_send_fin                             0x080065a7   Thumb Code    74  tcp_out.o(i.tcp_send_fin)
    tcp_slowtmr                              0x080065f1   Thumb Code   820  tcp.o(i.tcp_slowtmr)
    tcp_timer_needed                         0x08006945   Thumb Code    38  timers.o(i.tcp_timer_needed)
    tcp_tmr                                  0x08006a29   Thumb Code    30  tcp.o(i.tcp_tmr)
    tcp_update_rcv_ann_wnd                   0x08006a4d   Thumb Code    78  tcp.o(i.tcp_update_rcv_ann_wnd)
    tcp_zero_window_probe                    0x08006a9d   Thumb Code   196  tcp_out.o(i.tcp_zero_window_probe)
    udp_bind                                 0x08006b9d   Thumb Code   122  udp.o(i.udp_bind)
    udp_connect                              0x08006c1d   Thumb Code    94  udp.o(i.udp_connect)
    udp_init                                 0x08006c81   Thumb Code     2  udp.o(i.udp_init)
    udp_input                                0x08006c85   Thumb Code   564  udp.o(i.udp_input)
    udp_new                                  0x08006ec9   Thumb Code    28  udp.o(i.udp_new)
    udp_recv                                 0x08006f3d   Thumb Code     6  udp.o(i.udp_recv)
    udp_sendto                               0x08006f45   Thumb Code    62  udp.o(i.udp_sendto)
    udp_sendto_if                            0x08006f89   Thumb Code   260  udp.o(i.udp_sendto_if)
    tcp_state_str                            0x080070b8   Data          44  tcp.o(.constdata)
    tcp_backoff                              0x080070e4   Data          13  tcp.o(.constdata)
    tcp_persist_backoff                      0x080070f1   Data           7  tcp.o(.constdata)
    tcp_pcb_lists                            0x080070f8   Data          16  tcp.o(.constdata)
    ip_addr_any                              0x08007108   Data           4  ip_addr.o(.constdata)
    ip_addr_broadcast                        0x0800710c   Data           4  ip_addr.o(.constdata)
    ethbroadcast                             0x08007110   Data           6  etharp.o(.constdata)
    ethzero                                  0x08007116   Data           6  etharp.o(.constdata)
    Region$$Table$$Base                      0x08007194   Number         0  anon$$obj.o(Region$$Table)
    Region$$Table$$Limit                     0x080071b4   Number         0  anon$$obj.o(Region$$Table)
    lwip_localtime                           0x20000000   Data           4  main.o(.data)
    temp                                     0x20000004   Data           1  main.o(.data)
    SystemCoreClock                          0x20000008   Data           4  system_stm32f10x.o(.data)
    AHBPrescTable                            0x2000000c   Data          16  system_stm32f10x.o(.data)
    Led                                      0x2000001c   Data           1  led.o(.data)
    netif_list                               0x2000004c   Data           4  netif.o(.data)
    netif_default                            0x20000050   Data           4  netif.o(.data)
    pbuf_free_ooseq_pending                  0x20000055   Data           1  pbuf.o(.data)
    tcp_ticks                                0x20000060   Data           4  tcp.o(.data)
    tcp_bound_pcbs                           0x20000064   Data           4  tcp.o(.data)
    tcp_listen_pcbs                          0x20000068   Data           4  tcp.o(.data)
    tcp_active_pcbs                          0x2000006c   Data           4  tcp.o(.data)
    tcp_tw_pcbs                              0x20000070   Data           4  tcp.o(.data)
    tcp_tmp_pcb                              0x20000074   Data           4  tcp.o(.data)
    tcp_active_pcbs_changed                  0x20000078   Data           1  tcp.o(.data)
    tcp_input_pcb                            0x2000009c   Data           4  tcp_in.o(.data)
    udp_pcbs                                 0x200000b0   Data           4  udp.o(.data)
    current_netif                            0x200000b4   Data           4  ip.o(.data)
    current_header                           0x200000b8   Data           4  ip.o(.data)
    current_iphdr_src                        0x200000bc   Data           4  ip.o(.data)
    current_iphdr_dest                       0x200000c0   Data           4  ip.o(.data)
    TCPTimer                                 0x200000d0   Data           4  lwip_user.o(.data)
    ARPTimer                                 0x200000d4   Data           4  lwip_user.o(.data)
    InputTimer                               0x200000d8   Data           4  lwip_user.o(.data)
    Mac                                      0x200000dc   Data           6  lwip_user.o(.data)
    ram_heap                                 0x20000747   Data       16020  mem.o(.bss)
    lwip_stats                               0x2000b058   Data         278  stats.o(.bss)
    lwip_buf                                 0x2000b248   Data        3000  ethernetif.o(.bss)
    lwipdev                                  0x2000be00   Data          19  lwip_user.o(.bss)
    lwip_netif                               0x2000be14   Data          48  lwip_user.o(.bss)
    __initial_sp                             0x2000c248   Data           0  startup_stm32f10x_hd.o(STACK)



==============================================================================

Memory Map of the image

  Image Entry point : 0x08000131

  Load Region LR_IROM1 (Base: 0x08000000, Size: 0x00007298, Max: 0x00080000, ABSOLUTE)

    Execution Region ER_IROM1 (Base: 0x08000000, Size: 0x000071b4, Max: 0x00080000, ABSOLUTE)

    Base Addr    Size         Type   Attr      Idx    E Section Name        Object

    0x08000000   0x00000130   Data   RO         3385    RESET               startup_stm32f10x_hd.o
    0x08000130   0x00000000   Code   RO         5069  * .ARM.Collect$$$$00000000  mc_w.l(entry.o)
    0x08000130   0x00000004   Code   RO         5084    .ARM.Collect$$$$00000001  mc_w.l(entry2.o)
    0x08000134   0x00000004   Code   RO         5087    .ARM.Collect$$$$00000004  mc_w.l(entry5.o)
    0x08000138   0x00000000   Code   RO         5089    .ARM.Collect$$$$00000008  mc_w.l(entry7b.o)
    0x08000138   0x00000000   Code   RO         5091    .ARM.Collect$$$$0000000A  mc_w.l(entry8b.o)
    0x08000138   0x00000008   Code   RO         5092    .ARM.Collect$$$$0000000B  mc_w.l(entry9a.o)
    0x08000140   0x00000000   Code   RO         5094    .ARM.Collect$$$$0000000D  mc_w.l(entry10a.o)
    0x08000140   0x00000000   Code   RO         5096    .ARM.Collect$$$$0000000F  mc_w.l(entry11a.o)
    0x08000140   0x00000004   Code   RO         5085    .ARM.Collect$$$$00002712  mc_w.l(entry2.o)
    0x08000144   0x00000024   Code   RO         3386    .text               startup_stm32f10x_hd.o
    0x08000168   0x00000024   Code   RO         5072    .text               mc_w.l(memcpya.o)
    0x0800018c   0x00000024   Code   RO         5074    .text               mc_w.l(memseta.o)
    0x080001b0   0x0000001a   Code   RO         5080    .text               mc_w.l(memcmp.o)
    0x080001ca   0x00000002   PAD
    0x080001cc   0x00000024   Code   RO         5098    .text               mc_w.l(init.o)
    0x080001f0   0x00000004   Code   RO           72    i.BusFault_Handler  stm32f10x_it.o
    0x080001f4   0x00000002   Code   RO           73    i.DebugMon_Handler  stm32f10x_it.o
    0x080001f6   0x00000002   PAD
    0x080001f8   0x00000174   Code   RO         3252    i.ENC28J60_Init     enc28j60.o
    0x0800036c   0x0000003e   Code   RO         3253    i.ENC28J60_PHY_Write  enc28j60.o
    0x080003aa   0x00000002   PAD
    0x080003ac   0x000000c0   Code   RO         3254    i.ENC28J60_Packet_Receive  enc28j60.o
    0x0800046c   0x00000066   Code   RO         3255    i.ENC28J60_Packet_Send  enc28j60.o
    0x080004d2   0x00000014   Code   RO         3256    i.ENC28J60_Read     enc28j60.o
    0x080004e6   0x00000002   PAD
    0x080004e8   0x0000003c   Code   RO         3257    i.ENC28J60_Read_Buf  enc28j60.o
    0x08000524   0x00000048   Code   RO         3258    i.ENC28J60_Read_Op  enc28j60.o
    0x0800056c   0x00000030   Code   RO         3259    i.ENC28J60_Reset    enc28j60.o
    0x0800059c   0x000000f4   Code   RO         3260    i.ENC28J60_SPI2_Init  enc28j60.o
    0x08000690   0x00000034   Code   RO         3261    i.ENC28J60_Set_Bank  enc28j60.o
    0x080006c4   0x00000018   Code   RO         3262    i.ENC28J60_Write    enc28j60.o
    0x080006dc   0x00000038   Code   RO         3263    i.ENC28J60_Write_Buf  enc28j60.o
    0x08000714   0x0000003c   Code   RO         3264    i.ENC28J60_Write_Op  enc28j60.o
    0x08000750   0x00000116   Code   RO         1350    i.GPIO_Init         stm32f10x_gpio.o
    0x08000866   0x00000004   Code   RO         1357    i.GPIO_ResetBits    stm32f10x_gpio.o
    0x0800086a   0x00000004   Code   RO         1358    i.GPIO_SetBits      stm32f10x_gpio.o
    0x0800086e   0x00000004   Code   RO           74    i.HardFault_Handler  stm32f10x_it.o
    0x08000872   0x00000002   PAD
    0x08000874   0x0000004c   Code   RO         3184    i.LED_Init          led.o
    0x080008c0   0x00000044   Code   RO         3185    i.Led_Fun           led.o
    0x08000904   0x00000004   Code   RO           75    i.MemManage_Handler  stm32f10x_it.o
    0x08000908   0x00000002   Code   RO           76    i.NMI_Handler       stm32f10x_it.o
    0x0800090a   0x00000002   PAD
    0x0800090c   0x00000070   Code   RO          169    i.NVIC_Init         misc.o
    0x0800097c   0x00000002   Code   RO           77    i.PendSV_Handler    stm32f10x_it.o
    0x0800097e   0x00000002   PAD
    0x08000980   0x00000020   Code   RO         1775    i.RCC_APB1PeriphClockCmd  stm32f10x_rcc.o
    0x080009a0   0x00000020   Code   RO         1777    i.RCC_APB2PeriphClockCmd  stm32f10x_rcc.o
    0x080009c0   0x00000054   Code   RO         3206    i.SPI2_ReadWriteByte  spi.o
    0x08000a14   0x00000028   Code   RO         3207    i.SPI2_SetSpeed     spi.o
    0x08000a3c   0x00000018   Code   RO         2260    i.SPI_Cmd           stm32f10x_spi.o
    0x08000a54   0x00000012   Code   RO         2268    i.SPI_I2S_GetFlagStatus  stm32f10x_spi.o
    0x08000a66   0x00000006   Code   RO         2271    i.SPI_I2S_ReceiveData  stm32f10x_spi.o
    0x08000a6c   0x00000004   Code   RO         2272    i.SPI_I2S_SendData  stm32f10x_spi.o
    0x08000a70   0x0000003c   Code   RO         2273    i.SPI_Init          stm32f10x_spi.o
    0x08000aac   0x00000002   Code   RO           78    i.SVC_Handler       stm32f10x_it.o
    0x08000aae   0x00000008   Code   RO          135    i.SetSysClock       system_stm32f10x.o
    0x08000ab6   0x00000002   PAD
    0x08000ab8   0x000000e0   Code   RO          136    i.SetSysClockTo72   system_stm32f10x.o
    0x08000b98   0x00000028   Code   RO          173    i.SysTick_CLKSourceConfig  misc.o
    0x08000bc0   0x00000002   Code   RO           79    i.SysTick_Handler   stm32f10x_it.o
    0x08000bc2   0x00000002   PAD
    0x08000bc4   0x00000060   Code   RO          138    i.SystemInit        system_stm32f10x.o
    0x08000c24   0x0000002c   Code   RO         3232    i.TIM3_IRQHandler   timer.o
    0x08000c50   0x00000060   Code   RO         3233    i.TIM3_Int_Init     timer.o
    0x08000cb0   0x00000006   Code   RO         2410    i.TIM_ClearITPendingBit  stm32f10x_tim.o
    0x08000cb6   0x00000018   Code   RO         2415    i.TIM_Cmd           stm32f10x_tim.o
    0x08000cce   0x00000022   Code   RO         2436    i.TIM_GetITStatus   stm32f10x_tim.o
    0x08000cf0   0x00000012   Code   RO         2440    i.TIM_ITConfig      stm32f10x_tim.o
    0x08000d02   0x00000002   PAD
    0x08000d04   0x000000a4   Code   RO         2486    i.TIM_TimeBaseInit  stm32f10x_tim.o
    0x08000da8   0x00000004   Code   RO           80    i.UsageFault_Handler  stm32f10x_it.o
    0x08000dac   0x0000000e   Code   RO         5102    i.__scatterload_copy  mc_w.l(handlers.o)
    0x08000dba   0x00000002   Code   RO         5103    i.__scatterload_null  mc_w.l(handlers.o)
    0x08000dbc   0x0000000e   Code   RO         5104    i.__scatterload_zeroinit  mc_w.l(handlers.o)
    0x08000dca   0x00000002   PAD
    0x08000dcc   0x0000001c   Code   RO         4428    i.arp_timer         timers.o
    0x08000de8   0x00000044   Code   RO         3346    i.delay_init        delay.o
    0x08000e2c   0x0000004c   Code   RO         3347    i.delay_ms          delay.o
    0x08000e78   0x00000016   Code   RO         3447    i.dns_check_entries  dns.o
    0x08000e8e   0x00000002   PAD
    0x08000e90   0x000000ec   Code   RO         3448    i.dns_check_entry   dns.o
    0x08000f7c   0x0000003c   Code   RO         3449    i.dns_compare_name  dns.o
    0x08000fb8   0x00000074   Code   RO         3453    i.dns_init          dns.o
    0x0800102c   0x0000002a   Code   RO         3455    i.dns_parse_name    dns.o
    0x08001056   0x00000002   PAD
    0x08001058   0x00000168   Code   RO         3456    i.dns_recv          dns.o
    0x080011c0   0x000000e4   Code   RO         3457    i.dns_send          dns.o
    0x080012a4   0x00000024   Code   RO         3458    i.dns_setserver     dns.o
    0x080012c8   0x0000001c   Code   RO         4429    i.dns_timer         timers.o
    0x080012e4   0x00000014   Code   RO         3459    i.dns_tmr           dns.o
    0x080012f8   0x0000014c   Code   RO         4883    i.etharp_arp_input  etharp.o
    0x08001444   0x00000164   Code   RO         4886    i.etharp_find_entry  etharp.o
    0x080015a8   0x00000040   Code   RO         4887    i.etharp_free_entry  etharp.o
    0x080015e8   0x00000160   Code   RO         4888    i.etharp_output     etharp.o
    0x08001748   0x0000006c   Code   RO         4889    i.etharp_output_to_arp_index  etharp.o
    0x080017b4   0x00000178   Code   RO         4890    i.etharp_query      etharp.o
    0x0800192c   0x000000cc   Code   RO         4891    i.etharp_raw        etharp.o
    0x080019f8   0x0000002c   Code   RO         4893    i.etharp_request    etharp.o
    0x08001a24   0x00000038   Code   RO         4894    i.etharp_send_ip    etharp.o
    0x08001a5c   0x00000090   Code   RO         4895    i.etharp_tmr        etharp.o
    0x08001aec   0x000000d0   Code   RO         4896    i.etharp_update_arp_entry  etharp.o
    0x08001bbc   0x000000e8   Code   RO         4897    i.ethernet_input    etharp.o
    0x08001ca4   0x00000048   Code   RO         4985    i.ethernetif_init   ethernetif.o
    0x08001cec   0x00000052   Code   RO         4986    i.ethernetif_input  ethernetif.o
    0x08001d3e   0x00000012   Code   RO         4584    i.icmp_dest_unreach  icmp.o
    0x08001d50   0x000001fc   Code   RO         4585    i.icmp_input        icmp.o
    0x08001f4c   0x00000084   Code   RO         4586    i.icmp_send_response  icmp.o
    0x08001fd0   0x00000012   Code   RO         4587    i.icmp_time_exceeded  icmp.o
    0x08001fe2   0x00000014   Code   RO         4632    i.inet_chksum       inet_chksum.o
    0x08001ff6   0x00000056   Code   RO         4633    i.inet_chksum_pbuf  inet_chksum.o
    0x0800204c   0x000000a2   Code   RO         4634    i.inet_chksum_pseudo  inet_chksum.o
    0x080020ee   0x0000004e   Code   RO         4712    i.ip4_addr_isbroadcast  ip_addr.o
    0x0800213c   0x000001bc   Code   RO         4765    i.ip_frag           ip_frag.o
    0x080022f8   0x0000000a   Code   RO         4766    i.ip_frag_alloc_pbuf_custom_ref  ip_frag.o
    0x08002302   0x00000012   Code   RO         4767    i.ip_frag_free_pbuf_custom_ref  ip_frag.o
    0x08002314   0x0000023c   Code   RO         4673    i.ip_input          ip.o
    0x08002550   0x0000004c   Code   RO         4674    i.ip_output         ip.o
    0x0800259c   0x00000128   Code   RO         4675    i.ip_output_if      ip.o
    0x080026c4   0x000001d4   Code   RO         4768    i.ip_reass          ip_frag.o
    0x08002898   0x00000164   Code   RO         4769    i.ip_reass_chain_frag_into_datagram_and_validate  ip_frag.o
    0x080029fc   0x0000002c   Code   RO         4770    i.ip_reass_dequeue_datagram  ip_frag.o
    0x08002a28   0x00000064   Code   RO         4771    i.ip_reass_enqueue_new_datagram  ip_frag.o
    0x08002a8c   0x000000a0   Code   RO         4772    i.ip_reass_free_complete_datagram  ip_frag.o
    0x08002b2c   0x0000007c   Code   RO         4773    i.ip_reass_remove_oldest_datagram  ip_frag.o
    0x08002ba8   0x0000001c   Code   RO         4430    i.ip_reass_timer    timers.o
    0x08002bc4   0x00000034   Code   RO         4774    i.ip_reass_tmr      ip_frag.o
    0x08002bf8   0x00000068   Code   RO         4676    i.ip_route          ip.o
    0x08002c60   0x00000018   Code   RO         4714    i.ipaddr_addr       ip_addr.o
    0x08002c78   0x0000015c   Code   RO         4715    i.ipaddr_aton       ip_addr.o
    0x08002dd4   0x00000020   Code   RO         4775    i.ipfrag_free_pbuf_custom  ip_frag.o
    0x08002df4   0x00000064   Code   RO         4987    i.low_level_init    ethernetif.o
    0x08002e58   0x00000070   Code   RO         4988    i.low_level_input   ethernetif.o
    0x08002ec8   0x00000048   Code   RO         4989    i.low_level_output  ethernetif.o
    0x08002f10   0x000000c0   Code   RO         5028    i.lwip_config_init  lwip_user.o
    0x08002fd0   0x0000001a   Code   RO         3390    i.lwip_htonl        def.o
    0x08002fea   0x0000000c   Code   RO         3391    i.lwip_htons        def.o
    0x08002ff6   0x00000024   Code   RO         3564    i.lwip_init         init.o
    0x0800301a   0x00000002   PAD
    0x0800301c   0x0000005c   Code   RO         5029    i.lwip_ip_config    lwip_user.o
    0x08003078   0x0000000c   Code   RO         3392    i.lwip_ntohl        def.o
    0x08003084   0x0000000c   Code   RO         3393    i.lwip_ntohs        def.o
    0x08003090   0x0000006c   Code   RO         5030    i.lwip_periodic_handle  lwip_user.o
    0x080030fc   0x0000005e   Code   RO         4636    i.lwip_standard_chksum  inet_chksum.o
    0x0800315a   0x00000002   PAD
    0x0800315c   0x0000006c   Code   RO            1    i.main              main.o
    0x080031c8   0x00000080   Code   RO         3628    i.mem_free          mem.o
    0x08003248   0x00000068   Code   RO         3629    i.mem_init          mem.o
    0x080032b0   0x00000164   Code   RO         3630    i.mem_malloc        mem.o
    0x08003414   0x00000178   Code   RO         3631    i.mem_trim          mem.o
    0x0800358c   0x00000044   Code   RO         3672    i.memp_free         memp.o
    0x080035d0   0x0000009c   Code   RO         3673    i.memp_init         memp.o
    0x0800366c   0x000000a4   Code   RO         3674    i.memp_malloc       memp.o
    0x08003710   0x0000006c   Code   RO         3714    i.netif_add         netif.o
    0x0800377c   0x00000002   Code   RO         3716    i.netif_init        netif.o
    0x0800377e   0x00000028   Code   RO         3718    i.netif_set_addr    netif.o
    0x080037a6   0x00000002   PAD
    0x080037a8   0x0000000c   Code   RO         3719    i.netif_set_default  netif.o
    0x080037b4   0x0000000c   Code   RO         3721    i.netif_set_gw      netif.o
    0x080037c0   0x00000078   Code   RO         3722    i.netif_set_ipaddr  netif.o
    0x08003838   0x0000000c   Code   RO         3725    i.netif_set_netmask  netif.o
    0x08003844   0x00000036   Code   RO         3726    i.netif_set_up      netif.o
    0x0800387a   0x000001a2   Code   RO         3811    i.pbuf_alloc        pbuf.o
    0x08003a1c   0x0000006c   Code   RO         3812    i.pbuf_alloced_custom  pbuf.o
    0x08003a88   0x00000038   Code   RO         3813    i.pbuf_cat          pbuf.o
    0x08003ac0   0x00000016   Code   RO         3814    i.pbuf_chain        pbuf.o
    0x08003ad6   0x00000012   Code   RO         3815    i.pbuf_clen         pbuf.o
    0x08003ae8   0x000000c0   Code   RO         3817    i.pbuf_copy         pbuf.o
    0x08003ba8   0x00000092   Code   RO         3818    i.pbuf_copy_partial  pbuf.o
    0x08003c3a   0x00000086   Code   RO         3820    i.pbuf_free         pbuf.o
    0x08003cc0   0x0000007e   Code   RO         3823    i.pbuf_header       pbuf.o
    0x08003d3e   0x00000002   PAD
    0x08003d40   0x0000000c   Code   RO         3826    i.pbuf_pool_is_empty  pbuf.o
    0x08003d4c   0x00000078   Code   RO         3827    i.pbuf_realloc      pbuf.o
    0x08003dc4   0x0000000a   Code   RO         3828    i.pbuf_ref          pbuf.o
    0x08003dce   0x00000002   PAD
    0x08003dd0   0x00000088   Code   RO         3632    i.plug_holes        mem.o
    0x08003e58   0x00000074   Code   RO         3962    i.raw_input         raw.o
    0x08003ecc   0x00000002   Code   RO         4016    i.stats_init        stats.o
    0x08003ece   0x00000002   PAD
    0x08003ed0   0x0000000c   Code   RO         5032    i.sys_now           lwip_user.o
    0x08003edc   0x0000009c   Code   RO         4433    i.sys_timeout       timers.o
    0x08003f78   0x00000040   Code   RO         4434    i.sys_timeouts_init  timers.o
    0x08003fb8   0x000000a0   Code   RO         4040    i.tcp_abandon       tcp.o
    0x08004058   0x0000000e   Code   RO         4041    i.tcp_abort         tcp.o
    0x08004066   0x00000002   PAD
    0x08004068   0x000000e0   Code   RO         4044    i.tcp_alloc         tcp.o
    0x08004148   0x0000001c   Code   RO         4047    i.tcp_close         tcp.o
    0x08004164   0x000001c8   Code   RO         4048    i.tcp_close_shutdown  tcp.o
    0x0800432c   0x000000c0   Code   RO         4331    i.tcp_create_segment  tcp_out.o
    0x080043ec   0x0000002e   Code   RO         4051    i.tcp_eff_send_mss  tcp.o
    0x0800441a   0x00000002   PAD
    0x0800441c   0x00000154   Code   RO         4332    i.tcp_enqueue_flags  tcp_out.o
    0x08004570   0x0000007c   Code   RO         4053    i.tcp_fasttmr       tcp.o
    0x080045ec   0x00000002   Code   RO         4054    i.tcp_init          tcp.o
    0x080045ee   0x00000002   PAD
    0x080045f0   0x0000053c   Code   RO         4275    i.tcp_input         tcp_in.o
    0x08004b2c   0x00000068   Code   RO         4333    i.tcp_keepalive     tcp_out.o
    0x08004b94   0x00000054   Code   RO         4055    i.tcp_kill_prio     tcp.o
    0x08004be8   0x0000003c   Code   RO         4056    i.tcp_kill_timewait  tcp.o
    0x08004c24   0x00000144   Code   RO         4276    i.tcp_listen_input  tcp_in.o
    0x08004d68   0x0000001c   Code   RO         4060    i.tcp_next_iss      tcp.o
    0x08004d84   0x00000090   Code   RO         4277    i.tcp_oos_insert_segment  tcp_in.o
    0x08004e14   0x000001c0   Code   RO         4334    i.tcp_output        tcp_out.o
    0x08004fd4   0x00000078   Code   RO         4335    i.tcp_output_alloc_header  tcp_out.o
    0x0800504c   0x000000f8   Code   RO         4336    i.tcp_output_segment  tcp_out.o
    0x08005144   0x000000b8   Code   RO         4278    i.tcp_parseopt      tcp_in.o
    0x080051fc   0x00000048   Code   RO         4061    i.tcp_pcb_purge     tcp.o
    0x08005244   0x00000094   Code   RO         4062    i.tcp_pcb_remove    tcp.o
    0x080052d8   0x0000058c   Code   RO         4279    i.tcp_process       tcp_in.o
    0x08005864   0x00000090   Code   RO         4064    i.tcp_process_refused_data  tcp.o
    0x080058f4   0x000009e4   Code   RO         4280    i.tcp_receive       tcp_in.o
    0x080062d8   0x0000002e   Code   RO         4066    i.tcp_recv_null     tcp.o
    0x08006306   0x00000046   Code   RO         4067    i.tcp_recved        tcp.o
    0x0800634c   0x0000005a   Code   RO         4338    i.tcp_rexmit        tcp_out.o
    0x080063a6   0x00000070   Code   RO         4339    i.tcp_rexmit_fast   tcp_out.o
    0x08006416   0x0000003a   Code   RO         4340    i.tcp_rexmit_rto    tcp_out.o
    0x08006450   0x000000a0   Code   RO         4341    i.tcp_rst           tcp_out.o
    0x080064f0   0x00000024   Code   RO         4068    i.tcp_seg_copy      tcp.o
    0x08006514   0x0000001a   Code   RO         4069    i.tcp_seg_free      tcp.o
    0x0800652e   0x00000018   Code   RO         4070    i.tcp_segs_free     tcp.o
    0x08006546   0x00000060   Code   RO         4342    i.tcp_send_empty_ack  tcp_out.o
    0x080065a6   0x0000004a   Code   RO         4343    i.tcp_send_fin      tcp_out.o
    0x080065f0   0x00000354   Code   RO         4074    i.tcp_slowtmr       tcp.o
    0x08006944   0x00000038   Code   RO         4436    i.tcp_timer_needed  timers.o
    0x0800697c   0x000000ac   Code   RO         4281    i.tcp_timewait_input  tcp_in.o
    0x08006a28   0x00000024   Code   RO         4075    i.tcp_tmr           tcp.o
    0x08006a4c   0x0000004e   Code   RO         4076    i.tcp_update_rcv_ann_wnd  tcp.o
    0x08006a9a   0x00000002   PAD
    0x08006a9c   0x000000c8   Code   RO         4346    i.tcp_zero_window_probe  tcp_out.o
    0x08006b64   0x00000038   Code   RO         4437    i.tcpip_tcp_timer   timers.o
    0x08006b9c   0x00000080   Code   RO         4495    i.udp_bind          udp.o
    0x08006c1c   0x00000064   Code   RO         4496    i.udp_connect       udp.o
    0x08006c80   0x00000002   Code   RO         4498    i.udp_init          udp.o
    0x08006c82   0x00000002   PAD
    0x08006c84   0x00000244   Code   RO         4499    i.udp_input         udp.o
    0x08006ec8   0x0000001c   Code   RO         4500    i.udp_new           udp.o
    0x08006ee4   0x00000058   Code   RO         4501    i.udp_new_port      udp.o
    0x08006f3c   0x00000006   Code   RO         4502    i.udp_recv          udp.o
    0x08006f42   0x00000002   PAD
    0x08006f44   0x00000044   Code   RO         4505    i.udp_sendto        udp.o
    0x08006f88   0x00000108   Code   RO         4506    i.udp_sendto_if     udp.o
    0x08007090   0x00000028   Data   RO         3676    .constdata          memp.o
    0x080070b8   0x00000050   Data   RO         4077    .constdata          tcp.o
    0x08007108   0x00000008   Data   RO         4719    .constdata          ip_addr.o
    0x08007110   0x0000000c   Data   RO         4899    .constdata          etharp.o
    0x0800711c   0x00000075   Data   RO         4078    .conststring        tcp.o
    0x08007191   0x00000003   PAD
    0x08007194   0x00000020   Data   RO         5100    Region$$Table       anon$$obj.o


    Execution Region RW_IRAM1 (Base: 0x20000000, Size: 0x0000c248, Max: 0x00010000, ABSOLUTE)

    Base Addr    Size         Type   Attr      Idx    E Section Name        Object

    0x20000000   0x00000005   Data   RW            2    .data               main.o
    0x20000005   0x00000003   PAD
    0x20000008   0x00000014   Data   RW          139    .data               system_stm32f10x.o
    0x2000001c   0x00000001   Data   RW         3186    .data               led.o
    0x2000001d   0x00000003   PAD
    0x20000020   0x00000008   Data   RW         3265    .data               enc28j60.o
    0x20000028   0x00000004   Data   RW         3349    .data               delay.o
    0x2000002c   0x00000014   Data   RW         3461    .data               dns.o
    0x20000040   0x0000000c   Data   RW         3634    .data               mem.o
    0x2000004c   0x00000009   Data   RW         3727    .data               netif.o
    0x20000055   0x00000001   Data   RW         3831    .data               pbuf.o
    0x20000056   0x00000002   PAD
    0x20000058   0x00000004   Data   RW         3968    .data               raw.o
    0x2000005c   0x00000024   Data   RW         4079    .data               tcp.o
    0x20000080   0x00000020   Data   RW         4283    .data               tcp_in.o
    0x200000a0   0x0000000c   Data   RW         4438    .data               timers.o
    0x200000ac   0x00000008   Data   RW         4507    .data               udp.o
    0x200000b4   0x00000012   Data   RW         4677    .data               ip.o
    0x200000c6   0x00000002   PAD
    0x200000c8   0x00000006   Data   RW         4776    .data               ip_frag.o
    0x200000ce   0x00000001   Data   RW         4900    .data               etharp.o
    0x200000cf   0x00000001   PAD
    0x200000d0   0x00000012   Data   RW         5034    .data               lwip_user.o
    0x200000e2   0x00000002   PAD
    0x200000e4   0x00000663   Zero   RW         3460    .bss                dns.o
    0x20000747   0x00003e94   Zero   RW         3633    .bss                mem.o
    0x200045db   0x00000001   PAD
    0x200045dc   0x00006a7b   Zero   RW         3675    .bss                memp.o
    0x2000b057   0x00000001   PAD
    0x2000b058   0x00000116   Zero   RW         4017    .bss                stats.o
    0x2000b16e   0x00000002   PAD
    0x2000b170   0x00000010   Zero   RW         4282    .bss                tcp_in.o
    0x2000b180   0x000000c8   Zero   RW         4898    .bss                etharp.o
    0x2000b248   0x00000bb8   Zero   RW         4990    .bss                ethernetif.o
    0x2000be00   0x00000044   Zero   RW         5033    .bss                lwip_user.o
    0x2000be44   0x00000004   PAD
    0x2000be48   0x00000400   Zero   RW         3383    STACK               startup_stm32f10x_hd.o


==============================================================================

Image component sizes


      Code (inc. data)   RO Data    RW Data    ZI Data      Debug   Object Name

         0          0          0          0          0         32   core_cm3.o
        62          0          0          0          0       2536   def.o
       144         22          0          4          0       1048   delay.o
      1120         84          0         20       1635      19557   dns.o
      1364         56          0          8          0       7776   enc28j60.o
      2476         78         12          1        200      12065   etharp.o
       438         32          0          0       3000       3910   ethernetif.o
       676         18          0          0          0       3354   icmp.o
         0          0          0          0          0       3780   inet.o
       362          0          0          0          0       3206   inet_chksum.o
        36          0          0          0          0      12572   init.o
      1048         50          0         18          0       6909   ip.o
       450          6          8          0          0       8486   ip_addr.o
      1808         54          0          6          0       9456   ip_frag.o
       144         16          0          1          0       1051   led.o
       404         54          0         18         68       3104   lwip_user.o
       108         12          0          5          0     246133   main.o
      1100         86          0         12      16020       4641   mem.o
       388         38         40          0      27259       3626   memp.o
       152         12          0          0          0       1450   misc.o
       360         24          0          9          0       6666   netif.o
      1362          4          0          1          0      10329   pbuf.o
       116         14          0          4          0       1356   raw.o
       124         10          0          0          0       1057   spi.o
        36          8        304          0       1024        764   startup_stm32f10x_hd.o
         2          0          0          0        278       3514   stats.o
       286          0          0          0          0       2900   stm32f10x_gpio.o
        26          0          0          0          0       3586   stm32f10x_it.o
        64         12          0          0          0       1082   stm32f10x_rcc.o
       112          0          0          0          0       3626   stm32f10x_spi.o
       246         42          0          0          0       3350   stm32f10x_tim.o
       328         28          0         20          0       2017   system_stm32f10x.o
      2758        148        197         36          0      23380   tcp.o
      6116        336          0         32         16      17163   tcp_in.o
      2242         34          0          0          0      10091   tcp_out.o
       140         16          0          0          0       1010   timer.o
       416         72          0         12          0       3669   timers.o
      1264         46          0          8          0       8293   udp.o

    ----------------------------------------------------------------------
     28324       1412        596        228      49508     458545   Object Totals
         0          0         32          0          0          0   (incl. Generated)
        46          0          3         13          8          0   (incl. Padding)

    ----------------------------------------------------------------------

      Code (inc. data)   RO Data    RW Data    ZI Data      Debug   Library Member Name

         0          0          0          0          0          0   entry.o
         0          0          0          0          0          0   entry10a.o
         0          0          0          0          0          0   entry11a.o
         8          4          0          0          0          0   entry2.o
         4          0          0          0          0          0   entry5.o
         0          0          0          0          0          0   entry7b.o
         0          0          0          0          0          0   entry8b.o
         8          4          0          0          0          0   entry9a.o
        30          0          0          0          0          0   handlers.o
        36          8          0          0          0         68   init.o
        26          0          0          0          0         80   memcmp.o
        36          0          0          0          0         68   memcpya.o
        36          0          0          0          0        108   memseta.o

    ----------------------------------------------------------------------
       188         16          0          0          0        324   Library Totals
         4          0          0          0          0          0   (incl. Padding)

    ----------------------------------------------------------------------

      Code (inc. data)   RO Data    RW Data    ZI Data      Debug   Library Name

       184         16          0          0          0        324   mc_w.l

    ----------------------------------------------------------------------
       188         16          0          0          0        324   Library Totals

    ----------------------------------------------------------------------

==============================================================================


      Code (inc. data)   RO Data    RW Data    ZI Data      Debug   

     28512       1428        596        228      49508     448777   Grand Totals
     28512       1428        596        228      49508     448777   ELF Image Totals
     28512       1428        596        228          0          0   ROM Totals

==============================================================================

    Total RO  Size (Code + RO Data)                29108 (  28.43kB)
    Total RW  Size (RW Data + ZI Data)             49736 (  48.57kB)
    Total ROM Size (Code + RO Data + RW Data)      29336 (  28.65kB)

==============================================================================

